

================================================================
== Vivado HLS Report for 'StreamingDataWidthCo_16'
================================================================
* Date:           Mon Mar  1 13:10:11 2021

* Version:        2018.2 (Build 2258646 on Thu Jun 14 20:25:20 MDT 2018)
* Project:        cnvW1A1-pynqZ1-Z2
* Solution:       sol1
* Product family: zynq
* Target device:  xc7z020clg400-1


================================================================
== Performance Estimates
================================================================
+ Timing (ns): 
    * Summary: 
    +--------+-------+----------+------------+
    |  Clock | Target| Estimated| Uncertainty|
    +--------+-------+----------+------------+
    |ap_clk  |   5.00|     5.723|        0.62|
    +--------+-------+----------+------------+

+ Latency (clock cycles): 
    * Summary: 
    +-----+-----+-----+-----+---------+
    |  Latency  |  Interval | Pipeline|
    | min | max | min | max |   Type  |
    +-----+-----+-----+-----+---------+
    |    ?|    ?|    ?|    ?|   none  |
    +-----+-----+-----+-----+---------+

    + Detail: 
        * Instance: 
        N/A

        * Loop: 
        +----------+-----+-----+----------+-----------+-----------+------+----------+
        |          |  Latency  | Iteration|  Initiation Interval  | Trip |          |
        | Loop Name| min | max |  Latency |  achieved |   target  | Count| Pipelined|
        +----------+-----+-----+----------+-----------+-----------+------+----------+
        |- Loop 1  |    ?|    ?|         3|          1|          1|     ?|    yes   |
        +----------+-----+-----+----------+-----------+-----------+------+----------+

============================================================
+ Verbose Summary: Synthesis Manager
============================================================
InlineROM: 1
ExposeGlobal: 0
============================================================
+ Verbose Summary: CDFG Model
============================================================
IsTopModel: 0
ResetActiveHigh: 1
IsCombinational: 2
IsDatapathOnly: 0
HasWiredReturn: 1
HasMFsm: 0
HasVarLatency: 1
IsPipeline: 0
IsRtlPipelined: 0
IsInstanceOverlapped: 0
IsDontTouch: 0
HasImplIP: 0
IsGatedGlobalClock: 0

+ Individual pipeline summary: 
  * Pipeline-0: initiation interval (II) = 1, depth = 3


============================================================
+ Verbose Summary: Schedule
============================================================
* Number of FSM states : 10
* Pipeline : 1
  Pipeline-0 : II = 1, D = 3, States = { 7 8 9 }
* Dataflow Pipeline: 0

* FSM state transitions: 
1 --> 
	2  / true
2 --> 
	3  / true
3 --> 
	4  / true
4 --> 
	5  / true
5 --> 
	6  / true
6 --> 
	7  / true
7 --> 
	10  / (exitcond_i)
	8  / (!exitcond_i)
8 --> 
	9  / true
9 --> 
	7  / true
10 --> 

* FSM state operations: 

State 1 <SV = 0> <Delay = 4.37>
ST_1 : Operation 11 [1/1] (2.18ns)   --->   "%numReps_read = call i32 @_ssdm_op_Read.ap_fifo.i32P(i32* %numReps)"   --->   Operation 11 'read' 'numReps_read' <Predicate = true> <Delay = 2.18> <Core = "FIFO">   --->   Core 32 'FIFO' <Latency = 0> <II = 1> <Delay = 3.63> <Storage> <Opcode : 'read' 'write' 'nbread' 'nbwrite'> <Ports = 0> <Width = 32> <Depth = 2> <FIFO>
ST_1 : Operation 12 [1/1] (2.18ns)   --->   "call void @_ssdm_op_Write.ap_fifo.i32P(i32* %numReps_out, i32 %numReps_read)"   --->   Operation 12 'write' <Predicate = true> <Delay = 2.18> <Core = "FIFO">   --->   Core 32 'FIFO' <Latency = 0> <II = 1> <Delay = 3.63> <Storage> <Opcode : 'read' 'write' 'nbread' 'nbwrite'> <Ports = 0> <Width = 32> <Depth = 2> <FIFO>

State 2 <SV = 1> <Delay = 3.95>
ST_2 : Operation 13 [5/5] (3.95ns)   --->   "%totalIters = mul i32 %numReps_read, 100" [/home/parallels/Documents/vivado_projects/BNN-PYNQ/bnn/src/library/finn-hlslib/streamtools.h:265]   --->   Operation 13 'mul' 'totalIters' <Predicate = true> <Delay = 3.95> <Core = "MulnS">   --->   Core 17 'MulnS' <Latency = 4> <II = 1> <Delay = 3.95> <FuncUnit> <Opcode : 'mul'> <InPorts = 2> <OutPorts = 1>

State 3 <SV = 2> <Delay = 3.95>
ST_3 : Operation 14 [4/5] (3.95ns)   --->   "%totalIters = mul i32 %numReps_read, 100" [/home/parallels/Documents/vivado_projects/BNN-PYNQ/bnn/src/library/finn-hlslib/streamtools.h:265]   --->   Operation 14 'mul' 'totalIters' <Predicate = true> <Delay = 3.95> <Core = "MulnS">   --->   Core 17 'MulnS' <Latency = 4> <II = 1> <Delay = 3.95> <FuncUnit> <Opcode : 'mul'> <InPorts = 2> <OutPorts = 1>

State 4 <SV = 3> <Delay = 3.95>
ST_4 : Operation 15 [3/5] (3.95ns)   --->   "%totalIters = mul i32 %numReps_read, 100" [/home/parallels/Documents/vivado_projects/BNN-PYNQ/bnn/src/library/finn-hlslib/streamtools.h:265]   --->   Operation 15 'mul' 'totalIters' <Predicate = true> <Delay = 3.95> <Core = "MulnS">   --->   Core 17 'MulnS' <Latency = 4> <II = 1> <Delay = 3.95> <FuncUnit> <Opcode : 'mul'> <InPorts = 2> <OutPorts = 1>

State 5 <SV = 4> <Delay = 3.95>
ST_5 : Operation 16 [2/5] (3.95ns)   --->   "%totalIters = mul i32 %numReps_read, 100" [/home/parallels/Documents/vivado_projects/BNN-PYNQ/bnn/src/library/finn-hlslib/streamtools.h:265]   --->   Operation 16 'mul' 'totalIters' <Predicate = true> <Delay = 3.95> <Core = "MulnS">   --->   Core 17 'MulnS' <Latency = 4> <II = 1> <Delay = 3.95> <FuncUnit> <Opcode : 'mul'> <InPorts = 2> <OutPorts = 1>

State 6 <SV = 5> <Delay = 3.95>
ST_6 : Operation 17 [1/1] (0.00ns)   --->   "call void (...)* @_ssdm_op_SpecInterface(i128* %in_V_V, [8 x i8]* @ap_fifo_str, i32 0, i32 0, [1 x i8]* @p_str, i32 0, i32 0, [1 x i8]* @p_str, [1 x i8]* @p_str, [1 x i8]* @p_str, i32 2, i32 2, i32 16, i32 16, [1 x i8]* @p_str, [1 x i8]* @p_str)"   --->   Operation 17 'specinterface' <Predicate = true> <Delay = 0.00>
ST_6 : Operation 18 [1/1] (0.00ns)   --->   "call void (...)* @_ssdm_op_SpecInterface(i32* %out_V_V, [8 x i8]* @ap_fifo_str, i32 0, i32 0, [1 x i8]* @p_str, i32 0, i32 0, [1 x i8]* @p_str, [1 x i8]* @p_str, [1 x i8]* @p_str, i32 2, i32 2, i32 16, i32 16, [1 x i8]* @p_str, [1 x i8]* @p_str)"   --->   Operation 18 'specinterface' <Predicate = true> <Delay = 0.00>
ST_6 : Operation 19 [1/1] (0.00ns)   --->   "call void (...)* @_ssdm_op_SpecInterface(i32* %numReps, [8 x i8]* @ap_fifo_str, i32 0, i32 0, [1 x i8]* @p_str, i32 0, i32 0, [1 x i8]* @p_str, [1 x i8]* @p_str, [1 x i8]* @p_str, i32 2, i32 2, i32 16, i32 16, [1 x i8]* @p_str, [1 x i8]* @p_str)"   --->   Operation 19 'specinterface' <Predicate = true> <Delay = 0.00>
ST_6 : Operation 20 [1/1] (0.00ns)   --->   "call void (...)* @_ssdm_op_SpecInterface(i32* %numReps_out, [8 x i8]* @ap_fifo_str, i32 0, i32 0, [1 x i8]* @p_str, i32 0, i32 0, [1 x i8]* @p_str, [1 x i8]* @p_str, [1 x i8]* @p_str, i32 2, i32 2, i32 16, i32 16, [1 x i8]* @p_str, [1 x i8]* @p_str)"   --->   Operation 20 'specinterface' <Predicate = true> <Delay = 0.00>
ST_6 : Operation 21 [1/5] (3.95ns)   --->   "%totalIters = mul i32 %numReps_read, 100" [/home/parallels/Documents/vivado_projects/BNN-PYNQ/bnn/src/library/finn-hlslib/streamtools.h:265]   --->   Operation 21 'mul' 'totalIters' <Predicate = true> <Delay = 3.95> <Core = "MulnS">   --->   Core 17 'MulnS' <Latency = 4> <II = 1> <Delay = 3.95> <FuncUnit> <Opcode : 'mul'> <InPorts = 2> <OutPorts = 1>
ST_6 : Operation 22 [1/1] (1.76ns)   --->   "br label %0" [/home/parallels/Documents/vivado_projects/BNN-PYNQ/bnn/src/library/finn-hlslib/streamtools.h:268]   --->   Operation 22 'br' <Predicate = true> <Delay = 1.76>

State 7 <SV = 6> <Delay = 5.72>
ST_7 : Operation 23 [1/1] (0.00ns)   --->   "%p_8_i = phi i96 [ 0, %entry ], [ %r_V_cast_i, %._crit_edge.i ]" [/home/parallels/Documents/vivado_projects/BNN-PYNQ/bnn/src/library/finn-hlslib/streamtools.h:278]   --->   Operation 23 'phi' 'p_8_i' <Predicate = true> <Delay = 0.00>
ST_7 : Operation 24 [1/1] (0.00ns)   --->   "%o_i = phi i32 [ 0, %entry ], [ %p_i, %._crit_edge.i ]" [/home/parallels/Documents/vivado_projects/BNN-PYNQ/bnn/src/library/finn-hlslib/streamtools.h:282]   --->   Operation 24 'phi' 'o_i' <Predicate = true> <Delay = 0.00>
ST_7 : Operation 25 [1/1] (0.00ns)   --->   "%t_i = phi i32 [ 0, %entry ], [ %t, %._crit_edge.i ]"   --->   Operation 25 'phi' 't_i' <Predicate = true> <Delay = 0.00>
ST_7 : Operation 26 [1/1] (2.47ns)   --->   "%exitcond_i = icmp eq i32 %t_i, %totalIters" [/home/parallels/Documents/vivado_projects/BNN-PYNQ/bnn/src/library/finn-hlslib/streamtools.h:268]   --->   Operation 26 'icmp' 'exitcond_i' <Predicate = true> <Delay = 2.47> <Core = "Cmp">   --->   Core 25 'Cmp' <Latency = 0> <II = 1> <Delay = 2.47> <FuncUnit> <Opcode : 'icmp'> <InPorts = 2> <OutPorts = 1>
ST_7 : Operation 27 [1/1] (2.55ns)   --->   "%t = add i32 %t_i, 1" [/home/parallels/Documents/vivado_projects/BNN-PYNQ/bnn/src/library/finn-hlslib/streamtools.h:268]   --->   Operation 27 'add' 't' <Predicate = true> <Delay = 2.55> <Core = "AddSub">   --->   Core 14 'AddSub' <Latency = 0> <II = 1> <Delay = 2.55> <FuncUnit> <Opcode : 'add' 'sub'> <InPorts = 2> <OutPorts = 1>
ST_7 : Operation 28 [1/1] (0.00ns)   --->   "br i1 %exitcond_i, label %.exit, label %1" [/home/parallels/Documents/vivado_projects/BNN-PYNQ/bnn/src/library/finn-hlslib/streamtools.h:268]   --->   Operation 28 'br' <Predicate = true> <Delay = 0.00>
ST_7 : Operation 29 [1/1] (2.47ns)   --->   "%tmp_i = icmp eq i32 %o_i, 0" [/home/parallels/Documents/vivado_projects/BNN-PYNQ/bnn/src/library/finn-hlslib/streamtools.h:271]   --->   Operation 29 'icmp' 'tmp_i' <Predicate = (!exitcond_i)> <Delay = 2.47> <Core = "Cmp">   --->   Core 25 'Cmp' <Latency = 0> <II = 1> <Delay = 2.47> <FuncUnit> <Opcode : 'icmp'> <InPorts = 2> <OutPorts = 1>
ST_7 : Operation 30 [1/1] (2.55ns)   --->   "%o = add i32 1, %o_i" [/home/parallels/Documents/vivado_projects/BNN-PYNQ/bnn/src/library/finn-hlslib/streamtools.h:280]   --->   Operation 30 'add' 'o' <Predicate = (!exitcond_i)> <Delay = 2.55> <Core = "AddSub">   --->   Core 14 'AddSub' <Latency = 0> <II = 1> <Delay = 2.55> <FuncUnit> <Opcode : 'add' 'sub'> <InPorts = 2> <OutPorts = 1>
ST_7 : Operation 31 [1/1] (2.47ns)   --->   "%tmp_i_342 = icmp eq i32 %o, 4" [/home/parallels/Documents/vivado_projects/BNN-PYNQ/bnn/src/library/finn-hlslib/streamtools.h:282]   --->   Operation 31 'icmp' 'tmp_i_342' <Predicate = (!exitcond_i)> <Delay = 2.47> <Core = "Cmp">   --->   Core 25 'Cmp' <Latency = 0> <II = 1> <Delay = 2.47> <FuncUnit> <Opcode : 'icmp'> <InPorts = 2> <OutPorts = 1>
ST_7 : Operation 32 [1/1] (0.69ns)   --->   "%p_i = select i1 %tmp_i_342, i32 0, i32 %o" [/home/parallels/Documents/vivado_projects/BNN-PYNQ/bnn/src/library/finn-hlslib/streamtools.h:282]   --->   Operation 32 'select' 'p_i' <Predicate = (!exitcond_i)> <Delay = 0.69> <Core = "Sel">   --->   Core 26 'Sel' <Latency = 0> <II = 1> <Delay = 0.69> <FuncUnit> <Opcode : 'select'> <InPorts = 3> <OutPorts = 1>

State 8 <SV = 7> <Delay = 2.18>
ST_8 : Operation 33 [1/1] (2.18ns)   --->   "%tmp_V_15 = call i128 @_ssdm_op_Read.ap_fifo.volatile.i128P(i128* %in_V_V)" [/home/parallels/Documents/vivado_projects/BNN-PYNQ/bnn/src/library/finn-hlslib/streamtools.h:272]   --->   Operation 33 'read' 'tmp_V_15' <Predicate = (!exitcond_i & tmp_i)> <Delay = 2.18> <Core = "FIFO">   --->   Core 32 'FIFO' <Latency = 0> <II = 1> <Delay = 3.63> <Storage> <Opcode : 'read' 'write' 'nbread' 'nbwrite'> <Ports = 0> <Width = 32> <Depth = 2> <FIFO>
ST_8 : Operation 34 [1/1] (1.76ns)   --->   "br label %._crit_edge.i" [/home/parallels/Documents/vivado_projects/BNN-PYNQ/bnn/src/library/finn-hlslib/streamtools.h:273]   --->   Operation 34 'br' <Predicate = (!exitcond_i & tmp_i)> <Delay = 1.76>

State 9 <SV = 8> <Delay = 3.95>
ST_9 : Operation 35 [1/1] (0.00ns)   --->   "%p_8_cast_i = zext i96 %p_8_i to i128" [/home/parallels/Documents/vivado_projects/BNN-PYNQ/bnn/src/library/finn-hlslib/streamtools.h:268]   --->   Operation 35 'zext' 'p_8_cast_i' <Predicate = (!exitcond_i)> <Delay = 0.00>
ST_9 : Operation 36 [1/1] (0.00ns)   --->   "%tmp_20_i = call i32 (...)* @_ssdm_op_SpecRegionBegin([13 x i8]* @p_str88)" [/home/parallels/Documents/vivado_projects/BNN-PYNQ/bnn/src/library/finn-hlslib/streamtools.h:268]   --->   Operation 36 'specregionbegin' 'tmp_20_i' <Predicate = (!exitcond_i)> <Delay = 0.00>
ST_9 : Operation 37 [1/1] (0.00ns)   --->   "call void (...)* @_ssdm_op_SpecPipeline(i32 1, i32 1, i32 1, i32 0, [1 x i8]* @p_str) nounwind" [/home/parallels/Documents/vivado_projects/BNN-PYNQ/bnn/src/library/finn-hlslib/streamtools.h:269]   --->   Operation 37 'specpipeline' <Predicate = (!exitcond_i)> <Delay = 0.00>
ST_9 : Operation 38 [1/1] (1.76ns)   --->   "br i1 %tmp_i, label %2, label %._crit_edge.i" [/home/parallels/Documents/vivado_projects/BNN-PYNQ/bnn/src/library/finn-hlslib/streamtools.h:271]   --->   Operation 38 'br' <Predicate = (!exitcond_i)> <Delay = 1.76>
ST_9 : Operation 39 [1/1] (0.00ns)   --->   "%p_Val2_s = phi i128 [ %tmp_V_15, %2 ], [ %p_8_cast_i, %1 ]"   --->   Operation 39 'phi' 'p_Val2_s' <Predicate = (!exitcond_i)> <Delay = 0.00>
ST_9 : Operation 40 [1/1] (0.00ns)   --->   "%eo_V = trunc i128 %p_Val2_s to i32" [/home/parallels/Documents/vivado_projects/BNN-PYNQ/bnn/src/library/finn-hlslib/streamtools.h:275]   --->   Operation 40 'trunc' 'eo_V' <Predicate = (!exitcond_i)> <Delay = 0.00>
ST_9 : Operation 41 [1/1] (2.18ns)   --->   "call void @_ssdm_op_Write.ap_fifo.volatile.i32P(i32* %out_V_V, i32 %eo_V)" [/home/parallels/Documents/vivado_projects/BNN-PYNQ/bnn/src/library/finn-hlslib/streamtools.h:276]   --->   Operation 41 'write' <Predicate = (!exitcond_i)> <Delay = 2.18> <Core = "FIFO">   --->   Core 32 'FIFO' <Latency = 0> <II = 1> <Delay = 3.63> <Storage> <Opcode : 'read' 'write' 'nbread' 'nbwrite'> <Ports = 0> <Width = 32> <Depth = 2> <FIFO>
ST_9 : Operation 42 [1/1] (0.00ns)   --->   "%r_V_cast_i = call i96 @_ssdm_op_PartSelect.i96.i128.i32.i32(i128 %p_Val2_s, i32 32, i32 127)" [/home/parallels/Documents/vivado_projects/BNN-PYNQ/bnn/src/library/finn-hlslib/streamtools.h:278]   --->   Operation 42 'partselect' 'r_V_cast_i' <Predicate = (!exitcond_i)> <Delay = 0.00>
ST_9 : Operation 43 [1/1] (0.00ns)   --->   "%empty = call i32 (...)* @_ssdm_op_SpecRegionEnd([13 x i8]* @p_str88, i32 %tmp_20_i)" [/home/parallels/Documents/vivado_projects/BNN-PYNQ/bnn/src/library/finn-hlslib/streamtools.h:285]   --->   Operation 43 'specregionend' 'empty' <Predicate = (!exitcond_i)> <Delay = 0.00>
ST_9 : Operation 44 [1/1] (0.00ns)   --->   "br label %0" [/home/parallels/Documents/vivado_projects/BNN-PYNQ/bnn/src/library/finn-hlslib/streamtools.h:268]   --->   Operation 44 'br' <Predicate = (!exitcond_i)> <Delay = 0.00>

State 10 <SV = 7> <Delay = 0.00>
ST_10 : Operation 45 [1/1] (0.00ns)   --->   "ret void"   --->   Operation 45 'ret' <Predicate = true> <Delay = 0.00>


============================================================
+ Verbose Summary: Timing violations
============================================================
Target clock period: 5ns, clock uncertainty: 0.625ns.

 <State 1>: 4.38ns
The critical path consists of the following:
	fifo read on port 'numReps' [8]  (2.19 ns)
	fifo write on port 'numReps_out' [10]  (2.19 ns)

 <State 2>: 3.95ns
The critical path consists of the following:
	'mul' operation ('totalIters', /home/parallels/Documents/vivado_projects/BNN-PYNQ/bnn/src/library/finn-hlslib/streamtools.h:265) [11]  (3.95 ns)

 <State 3>: 3.95ns
The critical path consists of the following:
	'mul' operation ('totalIters', /home/parallels/Documents/vivado_projects/BNN-PYNQ/bnn/src/library/finn-hlslib/streamtools.h:265) [11]  (3.95 ns)

 <State 4>: 3.95ns
The critical path consists of the following:
	'mul' operation ('totalIters', /home/parallels/Documents/vivado_projects/BNN-PYNQ/bnn/src/library/finn-hlslib/streamtools.h:265) [11]  (3.95 ns)

 <State 5>: 3.95ns
The critical path consists of the following:
	'mul' operation ('totalIters', /home/parallels/Documents/vivado_projects/BNN-PYNQ/bnn/src/library/finn-hlslib/streamtools.h:265) [11]  (3.95 ns)

 <State 6>: 3.95ns
The critical path consists of the following:
	'mul' operation ('totalIters', /home/parallels/Documents/vivado_projects/BNN-PYNQ/bnn/src/library/finn-hlslib/streamtools.h:265) [11]  (3.95 ns)

 <State 7>: 5.72ns
The critical path consists of the following:
	'phi' operation ('o_i', /home/parallels/Documents/vivado_projects/BNN-PYNQ/bnn/src/library/finn-hlslib/streamtools.h:282) with incoming values : ('p_i', /home/parallels/Documents/vivado_projects/BNN-PYNQ/bnn/src/library/finn-hlslib/streamtools.h:282) [15]  (0 ns)
	'add' operation ('o', /home/parallels/Documents/vivado_projects/BNN-PYNQ/bnn/src/library/finn-hlslib/streamtools.h:280) [34]  (2.55 ns)
	'icmp' operation ('tmp_i_342', /home/parallels/Documents/vivado_projects/BNN-PYNQ/bnn/src/library/finn-hlslib/streamtools.h:282) [35]  (2.47 ns)
	'select' operation ('p_i', /home/parallels/Documents/vivado_projects/BNN-PYNQ/bnn/src/library/finn-hlslib/streamtools.h:282) [36]  (0.698 ns)

 <State 8>: 2.19ns
The critical path consists of the following:
	fifo read on port 'in_V_V' (/home/parallels/Documents/vivado_projects/BNN-PYNQ/bnn/src/library/finn-hlslib/streamtools.h:272) [27]  (2.19 ns)

 <State 9>: 3.96ns
The critical path consists of the following:
	multiplexor before 'phi' operation ('ei.V') with incoming values : ('p_8_cast_i', /home/parallels/Documents/vivado_projects/BNN-PYNQ/bnn/src/library/finn-hlslib/streamtools.h:268) ('tmp.V', /home/parallels/Documents/vivado_projects/BNN-PYNQ/bnn/src/library/finn-hlslib/streamtools.h:272) [30]  (1.77 ns)
	'phi' operation ('ei.V') with incoming values : ('p_8_cast_i', /home/parallels/Documents/vivado_projects/BNN-PYNQ/bnn/src/library/finn-hlslib/streamtools.h:268) ('tmp.V', /home/parallels/Documents/vivado_projects/BNN-PYNQ/bnn/src/library/finn-hlslib/streamtools.h:272) [30]  (0 ns)
	fifo write on port 'out_V_V' (/home/parallels/Documents/vivado_projects/BNN-PYNQ/bnn/src/library/finn-hlslib/streamtools.h:276) [32]  (2.19 ns)

 <State 10>: 0ns
The critical path consists of the following:


============================================================
+ Verbose Summary: Binding
============================================================
N/A
* FSMD analyzer results:
  - Output states:
 - Input state : 
  - Chain level:
	State 1
	State 2
	State 3
	State 4
	State 5
	State 6
	State 7
	State 8
	State 9
	State 10


============================================================
+ Verbose Summary: Datapath Resource usage 
============================================================
N/A
