

================================================================
== Vivado HLS Report for 'ConvolutionInputGene_4'
================================================================
* Date:           Mon Mar  1 13:13:25 2021

* Version:        2018.2 (Build 2258646 on Thu Jun 14 20:25:20 MDT 2018)
* Project:        cnvW1A1-pynqZ1-Z2
* Solution:       sol1
* Product family: zynq
* Target device:  xc7z020clg400-1


================================================================
== Performance Estimates
================================================================
+ Timing (ns): 
    * Summary: 
    +--------+-------+----------+------------+
    |  Clock | Target| Estimated| Uncertainty|
    +--------+-------+----------+------------+
    |ap_clk  |   5.00|     7.866|        0.62|
    +--------+-------+----------+------------+

+ Latency (clock cycles): 
    * Summary: 
    +-----+-----+-----+-----+---------+
    |  Latency  |  Interval | Pipeline|
    | min | max | min | max |   Type  |
    +-----+-----+-----+-----+---------+
    |    ?|    ?|    ?|    ?|   none  |
    +-----+-----+-----+-----+---------+

    + Detail: 
        * Instance: 
        N/A

        * Loop: 
        +----------+-----+-----+----------+-----------+-----------+------+----------+
        |          |  Latency  | Iteration|  Initiation Interval  | Trip |          |
        | Loop Name| min | max |  Latency |  achieved |   target  | Count| Pipelined|
        +----------+-----+-----+----------+-----------+-----------+------+----------+
        |- Loop 1  |    ?|    ?|         6|          1|          1|     ?|    yes   |
        +----------+-----+-----+----------+-----------+-----------+------+----------+



================================================================
== Utilization Estimates
================================================================
* Summary: 
+-----------------+---------+-------+--------+-------+
|       Name      | BRAM_18K| DSP48E|   FF   |  LUT  |
+-----------------+---------+-------+--------+-------+
|DSP              |        -|      -|       -|      -|
|Expression       |        -|      -|       0|   1243|
|FIFO             |        -|      -|       -|      -|
|Instance         |        -|      -|    8838|   2697|
|Memory           |        0|      -|     256|     40|
|Multiplexer      |        -|      -|       -|    288|
|Register         |        0|      -|     823|     64|
+-----------------+---------+-------+--------+-------+
|Total            |        0|      0|    9917|   4332|
+-----------------+---------+-------+--------+-------+
|Available        |      280|    220|  106400|  53200|
+-----------------+---------+-------+--------+-------+
|Utilization (%)  |        0|      0|       9|      8|
+-----------------+---------+-------+--------+-------+

+ Detail: 
    * Instance: 
    +---------------------------+----------------------+---------+-------+------+------+
    |          Instance         |        Module        | BRAM_18K| DSP48E|  FF  |  LUT |
    +---------------------------+----------------------+---------+-------+------+------+
    |BlackBoxJam_mux_4pcA_U311  |BlackBoxJam_mux_4pcA  |        0|      0|  8838|  2697|
    +---------------------------+----------------------+---------+-------+------+------+
    |Total                      |                      |        0|      0|  8838|  2697|
    +---------------------------+----------------------+---------+-------+------+------+

    * DSP48: 
    N/A

    * Memory: 
    +----------------+----------------------+---------+----+----+------+-----+------+-------------+
    |     Memory     |        Module        | BRAM_18K| FF | LUT| Words| Bits| Banks| W*Bits*Banks|
    +----------------+----------------------+---------+----+----+------+-----+------+-------------+
    |inputBuf_0_V_U  |ConvolutionInputGFfa  |        0|  64|  10|    20|   32|     1|          640|
    |inputBuf_1_V_U  |ConvolutionInputGFfa  |        0|  64|  10|    20|   32|     1|          640|
    |inputBuf_2_V_U  |ConvolutionInputGFfa  |        0|  64|  10|    20|   32|     1|          640|
    |inputBuf_3_V_U  |ConvolutionInputGFfa  |        0|  64|  10|    20|   32|     1|          640|
    +----------------+----------------------+---------+----+----+------+-----+------+-------------+
    |Total           |                      |        0| 256|  40|    80|  128|     4|         2560|
    +----------------+----------------------+---------+----+----+------+-----+------+-------------+

    * FIFO: 
    N/A

    * Expression: 
    +--------------------------------------+----------+-------+---+----+------------+------------+
    |             Variable Name            | Operation| DSP48E| FF| LUT| Bitwidth P0| Bitwidth P1|
    +--------------------------------------+----------+-------+---+----+------------+------------+
    |count_simd_fu_534_p2                  |     +    |      0|  0|  39|           1|          32|
    |counter_internal_blo_8_fu_700_p2      |     +    |      0|  0|  39|          32|           1|
    |current_block_read_fu_774_p2          |     +    |      0|  0|  16|           2|           2|
    |current_block_write_6_2852_fu_794_p2  |     +    |      0|  0|  39|          32|           1|
    |current_block_write_fu_838_p2         |     +    |      0|  0|  39|          32|           1|
    |current_line_in_bloc_fu_763_p2        |     +    |      0|  0|  39|          32|          32|
    |grp_fu_354_p2                         |     +    |      0|  0|  39|          32|           1|
    |i_i_op_fu_451_p2                      |     +    |      0|  0|  15|           9|           1|
    |indvar_flatten_next_fu_439_p2         |     +    |      0|  0|  48|          41|           1|
    |inp_fu_725_p2                         |     +    |      0|  0|  39|          32|           1|
    |k_x_fu_551_p2                         |     +    |      0|  0|  39|          32|           1|
    |k_y_fu_514_p2                         |     +    |      0|  0|  39|           1|          32|
    |ofm_x_fu_582_p2                       |     +    |      0|  0|  39|          32|           1|
    |ofm_y_fu_602_p2                       |     +    |      0|  0|  39|          32|           1|
    |read_block_5_cast_fu_661_p2           |     +    |      0|  0|  12|           3|           1|
    |read_block_fu_741_p2                  |     +    |      0|  0|  39|          32|           1|
    |tmp_148_i_fu_528_p2                   |     +    |      0|  0|  37|          30|          30|
    |tmp_fu_768_p2                         |     +    |      0|  0|  16|           1|           2|
    |bound_fu_428_p2                       |     -    |      0|  0|  48|          41|          41|
    |ap_block_state8_pp0_stage0_iter5      |    and   |      0|  0|   2|           1|           1|
    |ap_condition_460                      |    and   |      0|  0|   2|           1|           1|
    |ap_condition_472                      |    and   |      0|  0|   2|           1|           1|
    |ap_condition_483                      |    and   |      0|  0|   2|           1|           1|
    |ap_condition_494                      |    and   |      0|  0|   2|           1|           1|
    |ap_predicate_op159_read_state5        |    and   |      0|  0|   2|           1|           1|
    |ap_predicate_op223_write_state8       |    and   |      0|  0|   2|           1|           1|
    |or_cond_i_fu_655_p2                   |    and   |      0|  0|   2|           1|           1|
    |exitcond_flatten_fu_434_p2            |   icmp   |      0|  0|  24|          41|          41|
    |tmp_147_i_fu_492_p2                   |   icmp   |      0|  0|  18|          32|           7|
    |tmp_152_i_fu_540_p2                   |   icmp   |      0|  0|  18|          32|           3|
    |tmp_153_i_fu_366_p2                   |   icmp   |      0|  0|  18|          32|           5|
    |tmp_154_i_fu_557_p2                   |   icmp   |      0|  0|  18|          32|           2|
    |tmp_155_i_fu_844_p2                   |   icmp   |      0|  0|  18|          32|           3|
    |tmp_156_i_fu_568_p2                   |   icmp   |      0|  0|  18|          32|           2|
    |tmp_157_i_fu_588_p2                   |   icmp   |      0|  0|  18|          32|           2|
    |tmp_158_i_fu_608_p2                   |   icmp   |      0|  0|  18|          32|           2|
    |tmp_159_i_fu_643_p2                   |   icmp   |      0|  0|  18|          32|           5|
    |tmp_160_i_fu_649_p2                   |   icmp   |      0|  0|  18|          32|           3|
    |tmp_162_i_fu_360_p2                   |   icmp   |      0|  0|  18|          32|           5|
    |tmp_163_i_fu_800_p2                   |   icmp   |      0|  0|  18|          32|           3|
    |tmp_164_i_fu_706_p2                   |   icmp   |      0|  0|  18|          32|           7|
    |tmp_i_2857_fu_483_p2                  |   icmp   |      0|  0|  18|          32|           6|
    |tmp_i_fu_445_p2                       |   icmp   |      0|  0|  13|           9|           9|
    |ap_block_pp0_stage0_01001             |    or    |      0|  0|   2|           1|           1|
    |ap_block_state1                       |    or    |      0|  0|   2|           1|           1|
    |ap_block_state5_pp0_stage0_iter2      |    or    |      0|  0|   2|           1|           1|
    |current_block_write_5_2851_fu_850_p3  |  select  |      0|  0|  32|           1|           1|
    |current_block_write_7_2853_fu_806_p3  |  select  |      0|  0|  32|           1|           1|
    |current_block_write_8_2854_fu_814_p3  |  select  |      0|  0|  32|           1|          32|
    |current_line_3_i_fu_667_p3            |  select  |      0|  0|  32|           1|           1|
    |i_fu_457_p3                           |  select  |      0|  0|   9|           1|           1|
    |p_i_fu_712_p3                         |  select  |      0|  0|  32|           1|           1|
    |p_inp_1_i_fu_614_p3                   |  select  |      0|  0|  32|           1|           1|
    |p_ofm_y_6_i_fu_622_p3                 |  select  |      0|  0|  32|           1|           1|
    |read_block_1_i_mid2_fu_471_p3         |  select  |      0|  0|  32|           1|           1|
    |read_block_2_fu_675_p3                |  select  |      0|  0|   3|           1|           3|
    |ap_enable_pp0                         |    xor   |      0|  0|   2|           1|           2|
    |ap_enable_reg_pp0_iter1               |    xor   |      0|  0|   2|           2|           1|
    +--------------------------------------+----------+-------+---+----+------------+------------+
    |Total                                 |          |      0|  0|1243|         971|         345|
    +--------------------------------------+----------+-------+---+----+------------+------------+

    * Multiplexer: 
    +------------------------------+----+-----------+-----+-----------+
    |             Name             | LUT| Input Size| Bits| Total Bits|
    +------------------------------+----+-----------+-----+-----------+
    |ap_NS_fsm                     |  27|          5|    1|          5|
    |ap_done                       |   9|          2|    1|          2|
    |ap_enable_reg_pp0_iter1       |   9|          2|    1|          2|
    |ap_enable_reg_pp0_iter5       |   9|          2|    1|          2|
    |count_simd_2_fu_118           |   9|          2|   32|         64|
    |counter_internal_blo_fu_130   |   9|          2|   32|         64|
    |current_block_write_9_fu_122  |  15|          3|   32|         96|
    |current_line_3_fu_126         |  15|          3|   32|         96|
    |i_i_reg_300                   |   9|          2|    9|         18|
    |in_V_V_blk_n                  |   9|          2|    1|          2|
    |indvar_flatten_reg_289        |   9|          2|   41|         82|
    |inp_2_fu_110                  |  15|          3|   32|         96|
    |inputBuf_0_V_address1         |  15|          3|    5|         15|
    |inputBuf_1_V_address1         |  15|          3|    5|         15|
    |inputBuf_2_V_address1         |  15|          3|    5|         15|
    |inputBuf_3_V_address1         |  15|          3|    5|         15|
    |k_x_2_fu_114                  |   9|          2|   32|         64|
    |k_y_2_fu_106                  |   9|          2|   32|         64|
    |numReps_blk_n                 |   9|          2|    1|          2|
    |numReps_out_blk_n             |   9|          2|    1|          2|
    |ofm_x_2_fu_102                |   9|          2|   32|         64|
    |ofm_y_1_i_fu_98               |   9|          2|   32|         64|
    |out_V_V_blk_n                 |   9|          2|    1|          2|
    |read_block_3_fu_94            |  21|          4|   32|        128|
    +------------------------------+----+-----------+-----+-----------+
    |Total                         | 288|         60|  398|        979|
    +------------------------------+----+-----------+-----+-----------+

    * Register: 
    +-------------------------------------------+----+----+-----+-----------+
    |                    Name                   | FF | LUT| Bits| Const Bits|
    +-------------------------------------------+----+----+-----+-----------+
    |ap_CS_fsm                                  |   4|   0|    4|          0|
    |ap_done_reg                                |   1|   0|    1|          0|
    |ap_enable_reg_pp0_iter0                    |   1|   0|    1|          0|
    |ap_enable_reg_pp0_iter1                    |   1|   0|    1|          0|
    |ap_enable_reg_pp0_iter2                    |   1|   0|    1|          0|
    |ap_enable_reg_pp0_iter3                    |   1|   0|    1|          0|
    |ap_enable_reg_pp0_iter4                    |   1|   0|    1|          0|
    |ap_enable_reg_pp0_iter5                    |   1|   0|    1|          0|
    |bound_reg_971                              |  34|   0|   41|          7|
    |count_simd_2_fu_118                        |  32|   0|   32|          0|
    |count_simd_2_load_reg_1003                 |  32|   0|   32|          0|
    |counter_internal_blo_fu_130                |  32|   0|   32|          0|
    |current_block_read_reg_1052                |   2|   0|    2|          0|
    |current_block_read_reg_1052_pp0_iter3_reg  |   2|   0|    2|          0|
    |current_block_write_9_fu_122               |  32|   0|   32|          0|
    |current_line_3_fu_126                      |  32|   0|   32|          0|
    |current_line_in_bloc_reg_1047              |  32|   0|   32|          0|
    |exitcond_flatten_reg_976                   |   1|   0|    1|          0|
    |i_i_reg_300                                |   9|   0|    9|          0|
    |indvar_flatten_reg_289                     |  41|   0|   41|          0|
    |inp_2_fu_110                               |  32|   0|   32|          0|
    |inputBuf_0_V_addr_4_reg_1061               |   5|   0|    5|          0|
    |inputBuf_0_V_addr_reg_1085                 |   5|   0|    5|          0|
    |inputBuf_1_V_addr_4_reg_1066               |   5|   0|    5|          0|
    |inputBuf_1_V_addr_reg_1090                 |   5|   0|    5|          0|
    |inputBuf_2_V_addr_4_reg_1071               |   5|   0|    5|          0|
    |inputBuf_2_V_addr_reg_1095                 |   5|   0|    5|          0|
    |inputBuf_3_V_addr_4_reg_1076               |   5|   0|    5|          0|
    |inputBuf_3_V_addr_reg_1100                 |   5|   0|    5|          0|
    |k_x_2_fu_114                               |  32|   0|   32|          0|
    |k_y_2_fu_106                               |  32|   0|   32|          0|
    |numReps_read_reg_965                       |  32|   0|   32|          0|
    |ofm_x_2_fu_102                             |  32|   0|   32|          0|
    |ofm_y_1_i_fu_98                            |  32|   0|   32|          0|
    |or_cond_i_reg_1034                         |   1|   0|    1|          0|
    |or_cond_i_reg_1034_pp0_iter2_reg           |   1|   0|    1|          0|
    |outElem_V_reg_1125                         |  32|   0|   32|          0|
    |read_block_3_fu_94                         |  32|   0|   32|          0|
    |reg_378                                    |  32|   0|   32|          0|
    |reg_382                                    |  32|   0|   32|          0|
    |tmp_147_i_reg_999                          |   1|   0|    1|          0|
    |tmp_148_i_reg_1013                         |  30|   0|   30|          0|
    |tmp_153_i_reg_1043                         |   1|   0|    1|          0|
    |tmp_162_i_reg_1038                         |   1|   0|    1|          0|
    |tmp_2984_reg_1081                          |   2|   0|    2|          0|
    |tmp_2985_reg_1008                          |   2|   0|    2|          0|
    |tmp_2989_reg_1057                          |   2|   0|    2|          0|
    |tmp_i_2857_reg_995                         |   1|   0|    1|          0|
    |tmp_i_reg_985                              |   1|   0|    1|          0|
    |tmp_147_i_reg_999                          |  64|  32|    1|          0|
    |tmp_i_2857_reg_995                         |  64|  32|    1|          0|
    +-------------------------------------------+----+----+-----+-----------+
    |Total                                      | 823|  64|  704|          7|
    +-------------------------------------------+----+----+-----+-----------+



================================================================
== Interface
================================================================
* Summary: 
+--------------------+-----+-----+------------+------------------------+--------------+
|      RTL Ports     | Dir | Bits|  Protocol  |      Source Object     |    C Type    |
+--------------------+-----+-----+------------+------------------------+--------------+
|ap_clk              |  in |    1| ap_ctrl_hs | ConvolutionInputGene.4 | return value |
|ap_rst              |  in |    1| ap_ctrl_hs | ConvolutionInputGene.4 | return value |
|ap_start            |  in |    1| ap_ctrl_hs | ConvolutionInputGene.4 | return value |
|ap_done             | out |    1| ap_ctrl_hs | ConvolutionInputGene.4 | return value |
|ap_continue         |  in |    1| ap_ctrl_hs | ConvolutionInputGene.4 | return value |
|ap_idle             | out |    1| ap_ctrl_hs | ConvolutionInputGene.4 | return value |
|ap_ready            | out |    1| ap_ctrl_hs | ConvolutionInputGene.4 | return value |
|in_V_V_dout         |  in |   32|   ap_fifo  |         in_V_V         |    pointer   |
|in_V_V_empty_n      |  in |    1|   ap_fifo  |         in_V_V         |    pointer   |
|in_V_V_read         | out |    1|   ap_fifo  |         in_V_V         |    pointer   |
|out_V_V_din         | out |   32|   ap_fifo  |         out_V_V        |    pointer   |
|out_V_V_full_n      |  in |    1|   ap_fifo  |         out_V_V        |    pointer   |
|out_V_V_write       | out |    1|   ap_fifo  |         out_V_V        |    pointer   |
|numReps_dout        |  in |   32|   ap_fifo  |         numReps        |    pointer   |
|numReps_empty_n     |  in |    1|   ap_fifo  |         numReps        |    pointer   |
|numReps_read        | out |    1|   ap_fifo  |         numReps        |    pointer   |
|numReps_out_din     | out |   32|   ap_fifo  |       numReps_out      |    pointer   |
|numReps_out_full_n  |  in |    1|   ap_fifo  |       numReps_out      |    pointer   |
|numReps_out_write   | out |    1|   ap_fifo  |       numReps_out      |    pointer   |
+--------------------+-----+-----+------------+------------------------+--------------+

