

================================================================
== Vivado HLS Report for 'ConvolutionInputGene_3'
================================================================
* Date:           Mon Mar  1 13:13:43 2021

* Version:        2018.2 (Build 2258646 on Thu Jun 14 20:25:20 MDT 2018)
* Project:        cnvW1A1-pynqZ1-Z2
* Solution:       sol1
* Product family: zynq
* Target device:  xc7z020clg400-1


================================================================
== Performance Estimates
================================================================
+ Timing (ns): 
    * Summary: 
    +--------+-------+----------+------------+
    |  Clock | Target| Estimated| Uncertainty|
    +--------+-------+----------+------------+
    |ap_clk  |   5.00|     7.879|        0.62|
    +--------+-------+----------+------------+

+ Latency (clock cycles): 
    * Summary: 
    +-----+-----+-----+-----+---------+
    |  Latency  |  Interval | Pipeline|
    | min | max | min | max |   Type  |
    +-----+-----+-----+-----+---------+
    |    ?|    ?|    ?|    ?|   none  |
    +-----+-----+-----+-----+---------+

    + Detail: 
        * Instance: 
        N/A

        * Loop: 
        +----------+-----+-----+----------+-----------+-----------+------+----------+
        |          |  Latency  | Iteration|  Initiation Interval  | Trip |          |
        | Loop Name| min | max |  Latency |  achieved |   target  | Count| Pipelined|
        +----------+-----+-----+----------+-----------+-----------+------+----------+
        |- Loop 1  |    ?|    ?|         6|          1|          1|     ?|    yes   |
        +----------+-----+-----+----------+-----------+-----------+------+----------+



================================================================
== Utilization Estimates
================================================================
* Summary: 
+-----------------+---------+-------+--------+-------+
|       Name      | BRAM_18K| DSP48E|   FF   |  LUT  |
+-----------------+---------+-------+--------+-------+
|DSP              |        -|      -|       -|      -|
|Expression       |        -|      -|       0|   1231|
|FIFO             |        -|      -|       -|      -|
|Instance         |        -|      -|    8838|   2697|
|Memory           |        0|      -|     256|     48|
|Multiplexer      |        -|      -|       -|    288|
|Register         |        0|      -|     822|     64|
+-----------------+---------+-------+--------+-------+
|Total            |        0|      0|    9916|   4328|
+-----------------+---------+-------+--------+-------+
|Available        |      280|    220|  106400|  53200|
+-----------------+---------+-------+--------+-------+
|Utilization (%)  |        0|      0|       9|      8|
+-----------------+---------+-------+--------+-------+

+ Detail: 
    * Instance: 
    +---------------------------+----------------------+---------+-------+------+------+
    |          Instance         |        Module        | BRAM_18K| DSP48E|  FF  |  LUT |
    +---------------------------+----------------------+---------+-------+------+------+
    |BlackBoxJam_mux_4pcA_U339  |BlackBoxJam_mux_4pcA  |        0|      0|  8838|  2697|
    +---------------------------+----------------------+---------+-------+------+------+
    |Total                      |                      |        0|      0|  8838|  2697|
    +---------------------------+----------------------+---------+-------+------+------+

    * DSP48: 
    N/A

    * Memory: 
    +----------------+----------------------+---------+----+----+------+-----+------+-------------+
    |     Memory     |        Module        | BRAM_18K| FF | LUT| Words| Bits| Banks| W*Bits*Banks|
    +----------------+----------------------+---------+----+----+------+-----+------+-------------+
    |inputBuf_0_V_U  |ConvolutionInputGJfO  |        0|  64|  12|    24|   32|     1|          768|
    |inputBuf_1_V_U  |ConvolutionInputGJfO  |        0|  64|  12|    24|   32|     1|          768|
    |inputBuf_2_V_U  |ConvolutionInputGJfO  |        0|  64|  12|    24|   32|     1|          768|
    |inputBuf_3_V_U  |ConvolutionInputGJfO  |        0|  64|  12|    24|   32|     1|          768|
    +----------------+----------------------+---------+----+----+------+-----+------+-------------+
    |Total           |                      |        0| 256|  48|    96|  128|     4|         3072|
    +----------------+----------------------+---------+----+----+------+-----+------+-------------+

    * FIFO: 
    N/A

    * Expression: 
    +--------------------------------------+----------+-------+---+----+------------+------------+
    |             Variable Name            | Operation| DSP48E| FF| LUT| Bitwidth P0| Bitwidth P1|
    +--------------------------------------+----------+-------+---+----+------------+------------+
    |bound_fu_434_p2                       |     +    |      0|  0|  47|          40|          40|
    |count_simd_fu_540_p2                  |     +    |      0|  0|  39|           1|          32|
    |counter_internal_blo_12_fu_706_p2     |     +    |      0|  0|  39|          32|           1|
    |current_block_read_9_fu_780_p2        |     +    |      0|  0|  16|           2|           2|
    |current_block_write_14_fu_800_p2      |     +    |      0|  0|  39|          32|           1|
    |current_block_write_fu_844_p2         |     +    |      0|  0|  39|          32|           1|
    |current_line_in_bloc_fu_769_p2        |     +    |      0|  0|  39|          32|          32|
    |grp_fu_356_p2                         |     +    |      0|  0|  39|          32|           1|
    |i_i_op_fu_457_p2                      |     +    |      0|  0|  15|           8|           1|
    |indvar_flatten_next_fu_445_p2         |     +    |      0|  0|  47|          40|           1|
    |inp_fu_731_p2                         |     +    |      0|  0|  39|          32|           1|
    |k_x_fu_557_p2                         |     +    |      0|  0|  39|          32|           1|
    |k_y_fu_520_p2                         |     +    |      0|  0|  39|           1|          32|
    |ofm_x_fu_588_p2                       |     +    |      0|  0|  39|          32|           1|
    |ofm_y_fu_608_p2                       |     +    |      0|  0|  39|          32|           1|
    |read_block_4_cast_fu_667_p2           |     +    |      0|  0|  10|           2|           1|
    |read_block_fu_747_p2                  |     +    |      0|  0|  39|          32|           1|
    |tmp_129_i_fu_534_p2                   |     +    |      0|  0|  36|          29|          29|
    |tmp_fu_774_p2                         |     +    |      0|  0|  16|           1|           2|
    |ap_block_state8_pp0_stage0_iter5      |    and   |      0|  0|   2|           1|           1|
    |ap_condition_458                      |    and   |      0|  0|   2|           1|           1|
    |ap_condition_470                      |    and   |      0|  0|   2|           1|           1|
    |ap_condition_481                      |    and   |      0|  0|   2|           1|           1|
    |ap_condition_492                      |    and   |      0|  0|   2|           1|           1|
    |ap_predicate_op160_read_state5        |    and   |      0|  0|   2|           1|           1|
    |ap_predicate_op224_write_state8       |    and   |      0|  0|   2|           1|           1|
    |or_cond_i_fu_661_p2                   |    and   |      0|  0|   2|           1|           1|
    |exitcond_flatten_fu_440_p2            |   icmp   |      0|  0|  21|          40|          40|
    |tmp_128_i_fu_498_p2                   |   icmp   |      0|  0|  18|          32|           7|
    |tmp_133_i_fu_546_p2                   |   icmp   |      0|  0|  18|          32|           4|
    |tmp_134_i_fu_368_p2                   |   icmp   |      0|  0|  18|          32|           5|
    |tmp_135_i_fu_563_p2                   |   icmp   |      0|  0|  18|          32|           2|
    |tmp_136_i_fu_850_p2                   |   icmp   |      0|  0|  18|          32|           3|
    |tmp_137_i_fu_574_p2                   |   icmp   |      0|  0|  18|          32|           2|
    |tmp_138_i_fu_594_p2                   |   icmp   |      0|  0|  18|          32|           1|
    |tmp_139_i_fu_614_p2                   |   icmp   |      0|  0|  18|          32|           1|
    |tmp_140_i_fu_649_p2                   |   icmp   |      0|  0|  18|          32|           5|
    |tmp_141_i_fu_655_p2                   |   icmp   |      0|  0|  18|          32|           2|
    |tmp_143_i_fu_362_p2                   |   icmp   |      0|  0|  18|          32|           5|
    |tmp_144_i_fu_806_p2                   |   icmp   |      0|  0|  18|          32|           3|
    |tmp_145_i_fu_712_p2                   |   icmp   |      0|  0|  18|          32|           7|
    |tmp_i_2861_fu_489_p2                  |   icmp   |      0|  0|  18|          32|           7|
    |tmp_i_fu_451_p2                       |   icmp   |      0|  0|  11|           8|           8|
    |ap_block_pp0_stage0_01001             |    or    |      0|  0|   2|           1|           1|
    |ap_block_state1                       |    or    |      0|  0|   2|           1|           1|
    |ap_block_state5_pp0_stage0_iter2      |    or    |      0|  0|   2|           1|           1|
    |current_block_write_15_fu_812_p3      |  select  |      0|  0|  32|           1|           1|
    |current_block_write_16_fu_820_p3      |  select  |      0|  0|  32|           1|          32|
    |current_block_write_9_2858_fu_856_p3  |  select  |      0|  0|  32|           1|           1|
    |current_line_3_i_fu_673_p3            |  select  |      0|  0|  32|           1|           1|
    |i_fu_463_p3                           |  select  |      0|  0|   8|           1|           1|
    |p_i_fu_718_p3                         |  select  |      0|  0|  32|           1|           1|
    |p_inp_1_i_fu_620_p3                   |  select  |      0|  0|  32|           1|           1|
    |p_ofm_y_5_i_fu_628_p3                 |  select  |      0|  0|  32|           1|           1|
    |read_block_1_i_mid2_fu_477_p3         |  select  |      0|  0|  32|           1|           1|
    |read_block_3_fu_681_p3                |  select  |      0|  0|   2|           1|           2|
    |ap_enable_pp0                         |    xor   |      0|  0|   2|           1|           2|
    |ap_enable_reg_pp0_iter1               |    xor   |      0|  0|   2|           2|           1|
    +--------------------------------------+----------+-------+---+----+------------+------------+
    |Total                                 |          |      0|  0|1231|         964|         339|
    +--------------------------------------+----------+-------+---+----+------------+------------+

    * Multiplexer: 
    +-------------------------------+----+-----------+-----+-----------+
    |              Name             | LUT| Input Size| Bits| Total Bits|
    +-------------------------------+----+-----------+-----+-----------+
    |ap_NS_fsm                      |  27|          5|    1|          5|
    |ap_done                        |   9|          2|    1|          2|
    |ap_enable_reg_pp0_iter1        |   9|          2|    1|          2|
    |ap_enable_reg_pp0_iter5        |   9|          2|    1|          2|
    |count_simd_3_fu_120            |   9|          2|   32|         64|
    |counter_internal_blo_fu_132    |   9|          2|   32|         64|
    |current_block_write_13_fu_124  |  15|          3|   32|         96|
    |current_line_4_fu_128          |  15|          3|   32|         96|
    |i_i_reg_302                    |   9|          2|    8|         16|
    |in_V_V_blk_n                   |   9|          2|    1|          2|
    |indvar_flatten_reg_291         |   9|          2|   40|         80|
    |inp_3_fu_112                   |  15|          3|   32|         96|
    |inputBuf_0_V_address1          |  15|          3|    5|         15|
    |inputBuf_1_V_address1          |  15|          3|    5|         15|
    |inputBuf_2_V_address1          |  15|          3|    5|         15|
    |inputBuf_3_V_address1          |  15|          3|    5|         15|
    |k_x_3_fu_116                   |   9|          2|   32|         64|
    |k_y_3_fu_108                   |   9|          2|   32|         64|
    |numReps_blk_n                  |   9|          2|    1|          2|
    |numReps_out_blk_n              |   9|          2|    1|          2|
    |ofm_x_3_fu_104                 |   9|          2|   32|         64|
    |ofm_y_1_i_fu_100               |   9|          2|   32|         64|
    |out_V_V_blk_n                  |   9|          2|    1|          2|
    |read_block_4_fu_96             |  21|          4|   32|        128|
    +-------------------------------+----+-----------+-----+-----------+
    |Total                          | 288|         60|  396|        975|
    +-------------------------------+----+-----------+-----+-----------+

    * Register: 
    +---------------------------------------------+----+----+-----+-----------+
    |                     Name                    | FF | LUT| Bits| Const Bits|
    +---------------------------------------------+----+----+-----+-----------+
    |ap_CS_fsm                                    |   4|   0|    4|          0|
    |ap_done_reg                                  |   1|   0|    1|          0|
    |ap_enable_reg_pp0_iter0                      |   1|   0|    1|          0|
    |ap_enable_reg_pp0_iter1                      |   1|   0|    1|          0|
    |ap_enable_reg_pp0_iter2                      |   1|   0|    1|          0|
    |ap_enable_reg_pp0_iter3                      |   1|   0|    1|          0|
    |ap_enable_reg_pp0_iter4                      |   1|   0|    1|          0|
    |ap_enable_reg_pp0_iter5                      |   1|   0|    1|          0|
    |bound_reg_977                                |  36|   0|   40|          4|
    |count_simd_3_fu_120                          |  32|   0|   32|          0|
    |count_simd_3_load_reg_1009                   |  32|   0|   32|          0|
    |counter_internal_blo_fu_132                  |  32|   0|   32|          0|
    |current_block_read_9_reg_1057                |   2|   0|    2|          0|
    |current_block_read_9_reg_1057_pp0_iter3_reg  |   2|   0|    2|          0|
    |current_block_write_13_fu_124                |  32|   0|   32|          0|
    |current_line_4_fu_128                        |  32|   0|   32|          0|
    |current_line_in_bloc_reg_1052                |  32|   0|   32|          0|
    |exitcond_flatten_reg_982                     |   1|   0|    1|          0|
    |i_i_reg_302                                  |   8|   0|    8|          0|
    |indvar_flatten_reg_291                       |  40|   0|   40|          0|
    |inp_3_fu_112                                 |  32|   0|   32|          0|
    |inputBuf_0_V_addr_4_reg_1066                 |   5|   0|    5|          0|
    |inputBuf_0_V_addr_reg_1090                   |   5|   0|    5|          0|
    |inputBuf_1_V_addr_4_reg_1071                 |   5|   0|    5|          0|
    |inputBuf_1_V_addr_reg_1095                   |   5|   0|    5|          0|
    |inputBuf_2_V_addr_4_reg_1076                 |   5|   0|    5|          0|
    |inputBuf_2_V_addr_reg_1100                   |   5|   0|    5|          0|
    |inputBuf_3_V_addr_4_reg_1081                 |   5|   0|    5|          0|
    |inputBuf_3_V_addr_reg_1105                   |   5|   0|    5|          0|
    |k_x_3_fu_116                                 |  32|   0|   32|          0|
    |k_y_3_fu_108                                 |  32|   0|   32|          0|
    |numReps_read_reg_971                         |  32|   0|   32|          0|
    |ofm_x_3_fu_104                               |  32|   0|   32|          0|
    |ofm_y_1_i_fu_100                             |  32|   0|   32|          0|
    |or_cond_i_reg_1039                           |   1|   0|    1|          0|
    |or_cond_i_reg_1039_pp0_iter2_reg             |   1|   0|    1|          0|
    |outElem_V_reg_1130                           |  32|   0|   32|          0|
    |read_block_4_fu_96                           |  32|   0|   32|          0|
    |reg_380                                      |  32|   0|   32|          0|
    |reg_384                                      |  32|   0|   32|          0|
    |tmp_128_i_reg_1005                           |   1|   0|    1|          0|
    |tmp_129_i_reg_1019                           |  29|   0|   29|          0|
    |tmp_134_i_reg_1048                           |   1|   0|    1|          0|
    |tmp_143_i_reg_1043                           |   1|   0|    1|          0|
    |tmp_2991_reg_1086                            |   2|   0|    2|          0|
    |tmp_2992_reg_1014                            |   2|   0|    2|          0|
    |tmp_2996_reg_1062                            |   2|   0|    2|          0|
    |tmp_i_2861_reg_1001                          |   1|   0|    1|          0|
    |tmp_i_reg_991                                |   1|   0|    1|          0|
    |tmp_128_i_reg_1005                           |  64|  32|    1|          0|
    |tmp_i_2861_reg_1001                          |  64|  32|    1|          0|
    +---------------------------------------------+----+----+-----+-----------+
    |Total                                        | 822|  64|  700|          4|
    +---------------------------------------------+----+----+-----+-----------+



================================================================
== Interface
================================================================
* Summary: 
+--------------------+-----+-----+------------+------------------------+--------------+
|      RTL Ports     | Dir | Bits|  Protocol  |      Source Object     |    C Type    |
+--------------------+-----+-----+------------+------------------------+--------------+
|ap_clk              |  in |    1| ap_ctrl_hs | ConvolutionInputGene.3 | return value |
|ap_rst              |  in |    1| ap_ctrl_hs | ConvolutionInputGene.3 | return value |
|ap_start            |  in |    1| ap_ctrl_hs | ConvolutionInputGene.3 | return value |
|ap_done             | out |    1| ap_ctrl_hs | ConvolutionInputGene.3 | return value |
|ap_continue         |  in |    1| ap_ctrl_hs | ConvolutionInputGene.3 | return value |
|ap_idle             | out |    1| ap_ctrl_hs | ConvolutionInputGene.3 | return value |
|ap_ready            | out |    1| ap_ctrl_hs | ConvolutionInputGene.3 | return value |
|in_V_V_dout         |  in |   32|   ap_fifo  |         in_V_V         |    pointer   |
|in_V_V_empty_n      |  in |    1|   ap_fifo  |         in_V_V         |    pointer   |
|in_V_V_read         | out |    1|   ap_fifo  |         in_V_V         |    pointer   |
|out_V_V_din         | out |   32|   ap_fifo  |         out_V_V        |    pointer   |
|out_V_V_full_n      |  in |    1|   ap_fifo  |         out_V_V        |    pointer   |
|out_V_V_write       | out |    1|   ap_fifo  |         out_V_V        |    pointer   |
|numReps_dout        |  in |   32|   ap_fifo  |         numReps        |    pointer   |
|numReps_empty_n     |  in |    1|   ap_fifo  |         numReps        |    pointer   |
|numReps_read        | out |    1|   ap_fifo  |         numReps        |    pointer   |
|numReps_out_din     | out |   32|   ap_fifo  |       numReps_out      |    pointer   |
|numReps_out_full_n  |  in |    1|   ap_fifo  |       numReps_out      |    pointer   |
|numReps_out_write   | out |    1|   ap_fifo  |       numReps_out      |    pointer   |
+--------------------+-----+-----+------------+------------------------+--------------+

