

================================================================
== Vivado HLS Report for 'DoMemInit'
================================================================
* Date:           Mon Mar  1 13:15:49 2021

* Version:        2018.2 (Build 2258646 on Thu Jun 14 20:25:20 MDT 2018)
* Project:        cnvW1A1-pynqZ1-Z2
* Solution:       sol1
* Product family: zynq
* Target device:  xc7z020clg400-1


================================================================
== Performance Estimates
================================================================
+ Timing (ns): 
    * Summary: 
    +--------+-------+----------+------------+
    |  Clock | Target| Estimated| Uncertainty|
    +--------+-------+----------+------------+
    |ap_clk  |   5.00|     3.254|        0.62|
    +--------+-------+----------+------------+

+ Latency (clock cycles): 
    * Summary: 
    +-----+-----+-----+-----+---------+
    |  Latency  |  Interval | Pipeline|
    | min | max | min | max |   Type  |
    +-----+-----+-----+-----+---------+
    |    0|    0|    0|    0|   none  |
    +-----+-----+-----+-----+---------+

    + Detail: 
        * Instance: 
        N/A

        * Loop: 
        N/A



================================================================
== Utilization Estimates
================================================================
* Summary: 
+-----------------+---------+-------+--------+-------+
|       Name      | BRAM_18K| DSP48E|   FF   |  LUT  |
+-----------------+---------+-------+--------+-------+
|DSP              |        -|      -|       -|      -|
|Expression       |        -|      -|       -|      -|
|FIFO             |        -|      -|       -|      -|
|Instance         |        -|      -|       -|      -|
|Memory           |        -|      -|       -|      -|
|Multiplexer      |        -|      -|       -|      -|
|Register         |        -|      -|       -|      -|
+-----------------+---------+-------+--------+-------+
|Total            |        0|      0|       0|      0|
+-----------------+---------+-------+--------+-------+
|Available        |      280|    220|  106400|  53200|
+-----------------+---------+-------+--------+-------+
|Utilization (%)  |        0|      0|       0|      0|
+-----------------+---------+-------+--------+-------+

+ Detail: 
    * Instance: 
    N/A

    * DSP48: 
    N/A

    * Memory: 
    N/A

    * FIFO: 
    N/A

    * Expression: 
    N/A

    * Multiplexer: 
    N/A

    * Register: 
    N/A



================================================================
== Interface
================================================================
* Summary: 
+----------------------------------+-----+-----+------------+-------------------------+--------------+
|             RTL Ports            | Dir | Bits|  Protocol  |      Source Object      |    C Type    |
+----------------------------------+-----+-----+------------+-------------------------+--------------+
|ap_start                          |  in |    1| ap_ctrl_hs |        DoMemInit        | return value |
|ap_ready                          | out |    1| ap_ctrl_hs |        DoMemInit        | return value |
|targetLayer                       |  in |   32|   ap_none  |       targetLayer       |    scalar    |
|targetMem                         |  in |   32|   ap_none  |        targetMem        |    scalar    |
|targetInd                         |  in |   32|   ap_none  |        targetInd        |    scalar    |
|val_V                             |  in |   64|   ap_none  |          val_V          |    scalar    |
|weights5_m_weights_V_address0     | out |   15|  ap_memory |   weights5_m_weights_V  |     array    |
|weights5_m_weights_V_ce0          | out |    1|  ap_memory |   weights5_m_weights_V  |     array    |
|weights5_m_weights_V_we0          | out |    1|  ap_memory |   weights5_m_weights_V  |     array    |
|weights5_m_weights_V_d0           | out |   32|  ap_memory |   weights5_m_weights_V  |     array    |
|threshs5_m_threshold_address0     | out |    8|  ap_memory |   threshs5_m_threshold  |     array    |
|threshs5_m_threshold_ce0          | out |    1|  ap_memory |   threshs5_m_threshold  |     array    |
|threshs5_m_threshold_we0          | out |    1|  ap_memory |   threshs5_m_threshold  |     array    |
|threshs5_m_threshold_d0           | out |   16|  ap_memory |   threshs5_m_threshold  |     array    |
|weights6_m_weights_V_address0     | out |   15|  ap_memory |   weights6_m_weights_V  |     array    |
|weights6_m_weights_V_ce0          | out |    1|  ap_memory |   weights6_m_weights_V  |     array    |
|weights6_m_weights_V_we0          | out |    1|  ap_memory |   weights6_m_weights_V  |     array    |
|weights6_m_weights_V_d0           | out |    4|  ap_memory |   weights6_m_weights_V  |     array    |
|threshs6_m_threshold_address0     | out |    9|  ap_memory |   threshs6_m_threshold  |     array    |
|threshs6_m_threshold_ce0          | out |    1|  ap_memory |   threshs6_m_threshold  |     array    |
|threshs6_m_threshold_we0          | out |    1|  ap_memory |   threshs6_m_threshold  |     array    |
|threshs6_m_threshold_d0           | out |   16|  ap_memory |   threshs6_m_threshold  |     array    |
|weights7_m_weights_V_address0     | out |   15|  ap_memory |   weights7_m_weights_V  |     array    |
|weights7_m_weights_V_ce0          | out |    1|  ap_memory |   weights7_m_weights_V  |     array    |
|weights7_m_weights_V_we0          | out |    1|  ap_memory |   weights7_m_weights_V  |     array    |
|weights7_m_weights_V_d0           | out |    8|  ap_memory |   weights7_m_weights_V  |     array    |
|threshs7_m_threshold_address0     | out |    9|  ap_memory |   threshs7_m_threshold  |     array    |
|threshs7_m_threshold_ce0          | out |    1|  ap_memory |   threshs7_m_threshold  |     array    |
|threshs7_m_threshold_we0          | out |    1|  ap_memory |   threshs7_m_threshold  |     array    |
|threshs7_m_threshold_d0           | out |   16|  ap_memory |   threshs7_m_threshold  |     array    |
|weights0_m_weights_V_address0     | out |    6|  ap_memory |   weights0_m_weights_V  |     array    |
|weights0_m_weights_V_ce0          | out |    1|  ap_memory |   weights0_m_weights_V  |     array    |
|weights0_m_weights_V_we0          | out |    1|  ap_memory |   weights0_m_weights_V  |     array    |
|weights0_m_weights_V_d0           | out |    3|  ap_memory |   weights0_m_weights_V  |     array    |
|weights0_m_weights_V_1_address0   | out |    6|  ap_memory |  weights0_m_weights_V_1 |     array    |
|weights0_m_weights_V_1_ce0        | out |    1|  ap_memory |  weights0_m_weights_V_1 |     array    |
|weights0_m_weights_V_1_we0        | out |    1|  ap_memory |  weights0_m_weights_V_1 |     array    |
|weights0_m_weights_V_1_d0         | out |    3|  ap_memory |  weights0_m_weights_V_1 |     array    |
|weights0_m_weights_V_2_address0   | out |    6|  ap_memory |  weights0_m_weights_V_2 |     array    |
|weights0_m_weights_V_2_ce0        | out |    1|  ap_memory |  weights0_m_weights_V_2 |     array    |
|weights0_m_weights_V_2_we0        | out |    1|  ap_memory |  weights0_m_weights_V_2 |     array    |
|weights0_m_weights_V_2_d0         | out |    3|  ap_memory |  weights0_m_weights_V_2 |     array    |
|weights0_m_weights_V_3_address0   | out |    6|  ap_memory |  weights0_m_weights_V_3 |     array    |
|weights0_m_weights_V_3_ce0        | out |    1|  ap_memory |  weights0_m_weights_V_3 |     array    |
|weights0_m_weights_V_3_we0        | out |    1|  ap_memory |  weights0_m_weights_V_3 |     array    |
|weights0_m_weights_V_3_d0         | out |    3|  ap_memory |  weights0_m_weights_V_3 |     array    |
|weights0_m_weights_V_4_address0   | out |    6|  ap_memory |  weights0_m_weights_V_4 |     array    |
|weights0_m_weights_V_4_ce0        | out |    1|  ap_memory |  weights0_m_weights_V_4 |     array    |
|weights0_m_weights_V_4_we0        | out |    1|  ap_memory |  weights0_m_weights_V_4 |     array    |
|weights0_m_weights_V_4_d0         | out |    3|  ap_memory |  weights0_m_weights_V_4 |     array    |
|weights0_m_weights_V_5_address0   | out |    6|  ap_memory |  weights0_m_weights_V_5 |     array    |
|weights0_m_weights_V_5_ce0        | out |    1|  ap_memory |  weights0_m_weights_V_5 |     array    |
|weights0_m_weights_V_5_we0        | out |    1|  ap_memory |  weights0_m_weights_V_5 |     array    |
|weights0_m_weights_V_5_d0         | out |    3|  ap_memory |  weights0_m_weights_V_5 |     array    |
|weights0_m_weights_V_6_address0   | out |    6|  ap_memory |  weights0_m_weights_V_6 |     array    |
|weights0_m_weights_V_6_ce0        | out |    1|  ap_memory |  weights0_m_weights_V_6 |     array    |
|weights0_m_weights_V_6_we0        | out |    1|  ap_memory |  weights0_m_weights_V_6 |     array    |
|weights0_m_weights_V_6_d0         | out |    3|  ap_memory |  weights0_m_weights_V_6 |     array    |
|weights0_m_weights_V_7_address0   | out |    6|  ap_memory |  weights0_m_weights_V_7 |     array    |
|weights0_m_weights_V_7_ce0        | out |    1|  ap_memory |  weights0_m_weights_V_7 |     array    |
|weights0_m_weights_V_7_we0        | out |    1|  ap_memory |  weights0_m_weights_V_7 |     array    |
|weights0_m_weights_V_7_d0         | out |    3|  ap_memory |  weights0_m_weights_V_7 |     array    |
|weights0_m_weights_V_8_address0   | out |    6|  ap_memory |  weights0_m_weights_V_8 |     array    |
|weights0_m_weights_V_8_ce0        | out |    1|  ap_memory |  weights0_m_weights_V_8 |     array    |
|weights0_m_weights_V_8_we0        | out |    1|  ap_memory |  weights0_m_weights_V_8 |     array    |
|weights0_m_weights_V_8_d0         | out |    3|  ap_memory |  weights0_m_weights_V_8 |     array    |
|weights0_m_weights_V_9_address0   | out |    6|  ap_memory |  weights0_m_weights_V_9 |     array    |
|weights0_m_weights_V_9_ce0        | out |    1|  ap_memory |  weights0_m_weights_V_9 |     array    |
|weights0_m_weights_V_9_we0        | out |    1|  ap_memory |  weights0_m_weights_V_9 |     array    |
|weights0_m_weights_V_9_d0         | out |    3|  ap_memory |  weights0_m_weights_V_9 |     array    |
|weights0_m_weights_V_10_address0  | out |    6|  ap_memory | weights0_m_weights_V_10 |     array    |
|weights0_m_weights_V_10_ce0       | out |    1|  ap_memory | weights0_m_weights_V_10 |     array    |
|weights0_m_weights_V_10_we0       | out |    1|  ap_memory | weights0_m_weights_V_10 |     array    |
|weights0_m_weights_V_10_d0        | out |    3|  ap_memory | weights0_m_weights_V_10 |     array    |
|weights0_m_weights_V_11_address0  | out |    6|  ap_memory | weights0_m_weights_V_11 |     array    |
|weights0_m_weights_V_11_ce0       | out |    1|  ap_memory | weights0_m_weights_V_11 |     array    |
|weights0_m_weights_V_11_we0       | out |    1|  ap_memory | weights0_m_weights_V_11 |     array    |
|weights0_m_weights_V_11_d0        | out |    3|  ap_memory | weights0_m_weights_V_11 |     array    |
|weights0_m_weights_V_12_address0  | out |    6|  ap_memory | weights0_m_weights_V_12 |     array    |
|weights0_m_weights_V_12_ce0       | out |    1|  ap_memory | weights0_m_weights_V_12 |     array    |
|weights0_m_weights_V_12_we0       | out |    1|  ap_memory | weights0_m_weights_V_12 |     array    |
|weights0_m_weights_V_12_d0        | out |    3|  ap_memory | weights0_m_weights_V_12 |     array    |
|weights0_m_weights_V_13_address0  | out |    6|  ap_memory | weights0_m_weights_V_13 |     array    |
|weights0_m_weights_V_13_ce0       | out |    1|  ap_memory | weights0_m_weights_V_13 |     array    |
|weights0_m_weights_V_13_we0       | out |    1|  ap_memory | weights0_m_weights_V_13 |     array    |
|weights0_m_weights_V_13_d0        | out |    3|  ap_memory | weights0_m_weights_V_13 |     array    |
|weights0_m_weights_V_14_address0  | out |    6|  ap_memory | weights0_m_weights_V_14 |     array    |
|weights0_m_weights_V_14_ce0       | out |    1|  ap_memory | weights0_m_weights_V_14 |     array    |
|weights0_m_weights_V_14_we0       | out |    1|  ap_memory | weights0_m_weights_V_14 |     array    |
|weights0_m_weights_V_14_d0        | out |    3|  ap_memory | weights0_m_weights_V_14 |     array    |
|weights0_m_weights_V_15_address0  | out |    6|  ap_memory | weights0_m_weights_V_15 |     array    |
|weights0_m_weights_V_15_ce0       | out |    1|  ap_memory | weights0_m_weights_V_15 |     array    |
|weights0_m_weights_V_15_we0       | out |    1|  ap_memory | weights0_m_weights_V_15 |     array    |
|weights0_m_weights_V_15_d0        | out |    3|  ap_memory | weights0_m_weights_V_15 |     array    |
|weights1_m_weights_V_address0     | out |    6|  ap_memory |   weights1_m_weights_V  |     array    |
|weights1_m_weights_V_ce0          | out |    1|  ap_memory |   weights1_m_weights_V  |     array    |
|weights1_m_weights_V_we0          | out |    1|  ap_memory |   weights1_m_weights_V  |     array    |
|weights1_m_weights_V_d0           | out |   32|  ap_memory |   weights1_m_weights_V  |     array    |
|weights1_m_weights_V_1_address0   | out |    6|  ap_memory |  weights1_m_weights_V_1 |     array    |
|weights1_m_weights_V_1_ce0        | out |    1|  ap_memory |  weights1_m_weights_V_1 |     array    |
|weights1_m_weights_V_1_we0        | out |    1|  ap_memory |  weights1_m_weights_V_1 |     array    |
|weights1_m_weights_V_1_d0         | out |   32|  ap_memory |  weights1_m_weights_V_1 |     array    |
|weights1_m_weights_V_2_address0   | out |    6|  ap_memory |  weights1_m_weights_V_2 |     array    |
|weights1_m_weights_V_2_ce0        | out |    1|  ap_memory |  weights1_m_weights_V_2 |     array    |
|weights1_m_weights_V_2_we0        | out |    1|  ap_memory |  weights1_m_weights_V_2 |     array    |
|weights1_m_weights_V_2_d0         | out |   32|  ap_memory |  weights1_m_weights_V_2 |     array    |
|weights1_m_weights_V_3_address0   | out |    6|  ap_memory |  weights1_m_weights_V_3 |     array    |
|weights1_m_weights_V_3_ce0        | out |    1|  ap_memory |  weights1_m_weights_V_3 |     array    |
|weights1_m_weights_V_3_we0        | out |    1|  ap_memory |  weights1_m_weights_V_3 |     array    |
|weights1_m_weights_V_3_d0         | out |   32|  ap_memory |  weights1_m_weights_V_3 |     array    |
|weights1_m_weights_V_4_address0   | out |    6|  ap_memory |  weights1_m_weights_V_4 |     array    |
|weights1_m_weights_V_4_ce0        | out |    1|  ap_memory |  weights1_m_weights_V_4 |     array    |
|weights1_m_weights_V_4_we0        | out |    1|  ap_memory |  weights1_m_weights_V_4 |     array    |
|weights1_m_weights_V_4_d0         | out |   32|  ap_memory |  weights1_m_weights_V_4 |     array    |
|weights1_m_weights_V_5_address0   | out |    6|  ap_memory |  weights1_m_weights_V_5 |     array    |
|weights1_m_weights_V_5_ce0        | out |    1|  ap_memory |  weights1_m_weights_V_5 |     array    |
|weights1_m_weights_V_5_we0        | out |    1|  ap_memory |  weights1_m_weights_V_5 |     array    |
|weights1_m_weights_V_5_d0         | out |   32|  ap_memory |  weights1_m_weights_V_5 |     array    |
|weights1_m_weights_V_6_address0   | out |    6|  ap_memory |  weights1_m_weights_V_6 |     array    |
|weights1_m_weights_V_6_ce0        | out |    1|  ap_memory |  weights1_m_weights_V_6 |     array    |
|weights1_m_weights_V_6_we0        | out |    1|  ap_memory |  weights1_m_weights_V_6 |     array    |
|weights1_m_weights_V_6_d0         | out |   32|  ap_memory |  weights1_m_weights_V_6 |     array    |
|weights1_m_weights_V_7_address0   | out |    6|  ap_memory |  weights1_m_weights_V_7 |     array    |
|weights1_m_weights_V_7_ce0        | out |    1|  ap_memory |  weights1_m_weights_V_7 |     array    |
|weights1_m_weights_V_7_we0        | out |    1|  ap_memory |  weights1_m_weights_V_7 |     array    |
|weights1_m_weights_V_7_d0         | out |   32|  ap_memory |  weights1_m_weights_V_7 |     array    |
|weights1_m_weights_V_8_address0   | out |    6|  ap_memory |  weights1_m_weights_V_8 |     array    |
|weights1_m_weights_V_8_ce0        | out |    1|  ap_memory |  weights1_m_weights_V_8 |     array    |
|weights1_m_weights_V_8_we0        | out |    1|  ap_memory |  weights1_m_weights_V_8 |     array    |
|weights1_m_weights_V_8_d0         | out |   32|  ap_memory |  weights1_m_weights_V_8 |     array    |
|weights1_m_weights_V_9_address0   | out |    6|  ap_memory |  weights1_m_weights_V_9 |     array    |
|weights1_m_weights_V_9_ce0        | out |    1|  ap_memory |  weights1_m_weights_V_9 |     array    |
|weights1_m_weights_V_9_we0        | out |    1|  ap_memory |  weights1_m_weights_V_9 |     array    |
|weights1_m_weights_V_9_d0         | out |   32|  ap_memory |  weights1_m_weights_V_9 |     array    |
|weights1_m_weights_V_10_address0  | out |    6|  ap_memory | weights1_m_weights_V_10 |     array    |
|weights1_m_weights_V_10_ce0       | out |    1|  ap_memory | weights1_m_weights_V_10 |     array    |
|weights1_m_weights_V_10_we0       | out |    1|  ap_memory | weights1_m_weights_V_10 |     array    |
|weights1_m_weights_V_10_d0        | out |   32|  ap_memory | weights1_m_weights_V_10 |     array    |
|weights1_m_weights_V_11_address0  | out |    6|  ap_memory | weights1_m_weights_V_11 |     array    |
|weights1_m_weights_V_11_ce0       | out |    1|  ap_memory | weights1_m_weights_V_11 |     array    |
|weights1_m_weights_V_11_we0       | out |    1|  ap_memory | weights1_m_weights_V_11 |     array    |
|weights1_m_weights_V_11_d0        | out |   32|  ap_memory | weights1_m_weights_V_11 |     array    |
|weights1_m_weights_V_12_address0  | out |    6|  ap_memory | weights1_m_weights_V_12 |     array    |
|weights1_m_weights_V_12_ce0       | out |    1|  ap_memory | weights1_m_weights_V_12 |     array    |
|weights1_m_weights_V_12_we0       | out |    1|  ap_memory | weights1_m_weights_V_12 |     array    |
|weights1_m_weights_V_12_d0        | out |   32|  ap_memory | weights1_m_weights_V_12 |     array    |
|weights1_m_weights_V_13_address0  | out |    6|  ap_memory | weights1_m_weights_V_13 |     array    |
|weights1_m_weights_V_13_ce0       | out |    1|  ap_memory | weights1_m_weights_V_13 |     array    |
|weights1_m_weights_V_13_we0       | out |    1|  ap_memory | weights1_m_weights_V_13 |     array    |
|weights1_m_weights_V_13_d0        | out |   32|  ap_memory | weights1_m_weights_V_13 |     array    |
|weights1_m_weights_V_14_address0  | out |    6|  ap_memory | weights1_m_weights_V_14 |     array    |
|weights1_m_weights_V_14_ce0       | out |    1|  ap_memory | weights1_m_weights_V_14 |     array    |
|weights1_m_weights_V_14_we0       | out |    1|  ap_memory | weights1_m_weights_V_14 |     array    |
|weights1_m_weights_V_14_d0        | out |   32|  ap_memory | weights1_m_weights_V_14 |     array    |
|weights1_m_weights_V_15_address0  | out |    6|  ap_memory | weights1_m_weights_V_15 |     array    |
|weights1_m_weights_V_15_ce0       | out |    1|  ap_memory | weights1_m_weights_V_15 |     array    |
|weights1_m_weights_V_15_we0       | out |    1|  ap_memory | weights1_m_weights_V_15 |     array    |
|weights1_m_weights_V_15_d0        | out |   32|  ap_memory | weights1_m_weights_V_15 |     array    |
|weights1_m_weights_V_16_address0  | out |    6|  ap_memory | weights1_m_weights_V_16 |     array    |
|weights1_m_weights_V_16_ce0       | out |    1|  ap_memory | weights1_m_weights_V_16 |     array    |
|weights1_m_weights_V_16_we0       | out |    1|  ap_memory | weights1_m_weights_V_16 |     array    |
|weights1_m_weights_V_16_d0        | out |   32|  ap_memory | weights1_m_weights_V_16 |     array    |
|weights1_m_weights_V_17_address0  | out |    6|  ap_memory | weights1_m_weights_V_17 |     array    |
|weights1_m_weights_V_17_ce0       | out |    1|  ap_memory | weights1_m_weights_V_17 |     array    |
|weights1_m_weights_V_17_we0       | out |    1|  ap_memory | weights1_m_weights_V_17 |     array    |
|weights1_m_weights_V_17_d0        | out |   32|  ap_memory | weights1_m_weights_V_17 |     array    |
|weights1_m_weights_V_18_address0  | out |    6|  ap_memory | weights1_m_weights_V_18 |     array    |
|weights1_m_weights_V_18_ce0       | out |    1|  ap_memory | weights1_m_weights_V_18 |     array    |
|weights1_m_weights_V_18_we0       | out |    1|  ap_memory | weights1_m_weights_V_18 |     array    |
|weights1_m_weights_V_18_d0        | out |   32|  ap_memory | weights1_m_weights_V_18 |     array    |
|weights1_m_weights_V_19_address0  | out |    6|  ap_memory | weights1_m_weights_V_19 |     array    |
|weights1_m_weights_V_19_ce0       | out |    1|  ap_memory | weights1_m_weights_V_19 |     array    |
|weights1_m_weights_V_19_we0       | out |    1|  ap_memory | weights1_m_weights_V_19 |     array    |
|weights1_m_weights_V_19_d0        | out |   32|  ap_memory | weights1_m_weights_V_19 |     array    |
|weights1_m_weights_V_20_address0  | out |    6|  ap_memory | weights1_m_weights_V_20 |     array    |
|weights1_m_weights_V_20_ce0       | out |    1|  ap_memory | weights1_m_weights_V_20 |     array    |
|weights1_m_weights_V_20_we0       | out |    1|  ap_memory | weights1_m_weights_V_20 |     array    |
|weights1_m_weights_V_20_d0        | out |   32|  ap_memory | weights1_m_weights_V_20 |     array    |
|weights1_m_weights_V_21_address0  | out |    6|  ap_memory | weights1_m_weights_V_21 |     array    |
|weights1_m_weights_V_21_ce0       | out |    1|  ap_memory | weights1_m_weights_V_21 |     array    |
|weights1_m_weights_V_21_we0       | out |    1|  ap_memory | weights1_m_weights_V_21 |     array    |
|weights1_m_weights_V_21_d0        | out |   32|  ap_memory | weights1_m_weights_V_21 |     array    |
|weights1_m_weights_V_22_address0  | out |    6|  ap_memory | weights1_m_weights_V_22 |     array    |
|weights1_m_weights_V_22_ce0       | out |    1|  ap_memory | weights1_m_weights_V_22 |     array    |
|weights1_m_weights_V_22_we0       | out |    1|  ap_memory | weights1_m_weights_V_22 |     array    |
|weights1_m_weights_V_22_d0        | out |   32|  ap_memory | weights1_m_weights_V_22 |     array    |
|weights1_m_weights_V_23_address0  | out |    6|  ap_memory | weights1_m_weights_V_23 |     array    |
|weights1_m_weights_V_23_ce0       | out |    1|  ap_memory | weights1_m_weights_V_23 |     array    |
|weights1_m_weights_V_23_we0       | out |    1|  ap_memory | weights1_m_weights_V_23 |     array    |
|weights1_m_weights_V_23_d0        | out |   32|  ap_memory | weights1_m_weights_V_23 |     array    |
|weights1_m_weights_V_24_address0  | out |    6|  ap_memory | weights1_m_weights_V_24 |     array    |
|weights1_m_weights_V_24_ce0       | out |    1|  ap_memory | weights1_m_weights_V_24 |     array    |
|weights1_m_weights_V_24_we0       | out |    1|  ap_memory | weights1_m_weights_V_24 |     array    |
|weights1_m_weights_V_24_d0        | out |   32|  ap_memory | weights1_m_weights_V_24 |     array    |
|weights1_m_weights_V_25_address0  | out |    6|  ap_memory | weights1_m_weights_V_25 |     array    |
|weights1_m_weights_V_25_ce0       | out |    1|  ap_memory | weights1_m_weights_V_25 |     array    |
|weights1_m_weights_V_25_we0       | out |    1|  ap_memory | weights1_m_weights_V_25 |     array    |
|weights1_m_weights_V_25_d0        | out |   32|  ap_memory | weights1_m_weights_V_25 |     array    |
|weights1_m_weights_V_26_address0  | out |    6|  ap_memory | weights1_m_weights_V_26 |     array    |
|weights1_m_weights_V_26_ce0       | out |    1|  ap_memory | weights1_m_weights_V_26 |     array    |
|weights1_m_weights_V_26_we0       | out |    1|  ap_memory | weights1_m_weights_V_26 |     array    |
|weights1_m_weights_V_26_d0        | out |   32|  ap_memory | weights1_m_weights_V_26 |     array    |
|weights1_m_weights_V_27_address0  | out |    6|  ap_memory | weights1_m_weights_V_27 |     array    |
|weights1_m_weights_V_27_ce0       | out |    1|  ap_memory | weights1_m_weights_V_27 |     array    |
|weights1_m_weights_V_27_we0       | out |    1|  ap_memory | weights1_m_weights_V_27 |     array    |
|weights1_m_weights_V_27_d0        | out |   32|  ap_memory | weights1_m_weights_V_27 |     array    |
|weights1_m_weights_V_28_address0  | out |    6|  ap_memory | weights1_m_weights_V_28 |     array    |
|weights1_m_weights_V_28_ce0       | out |    1|  ap_memory | weights1_m_weights_V_28 |     array    |
|weights1_m_weights_V_28_we0       | out |    1|  ap_memory | weights1_m_weights_V_28 |     array    |
|weights1_m_weights_V_28_d0        | out |   32|  ap_memory | weights1_m_weights_V_28 |     array    |
|weights1_m_weights_V_29_address0  | out |    6|  ap_memory | weights1_m_weights_V_29 |     array    |
|weights1_m_weights_V_29_ce0       | out |    1|  ap_memory | weights1_m_weights_V_29 |     array    |
|weights1_m_weights_V_29_we0       | out |    1|  ap_memory | weights1_m_weights_V_29 |     array    |
|weights1_m_weights_V_29_d0        | out |   32|  ap_memory | weights1_m_weights_V_29 |     array    |
|weights1_m_weights_V_30_address0  | out |    6|  ap_memory | weights1_m_weights_V_30 |     array    |
|weights1_m_weights_V_30_ce0       | out |    1|  ap_memory | weights1_m_weights_V_30 |     array    |
|weights1_m_weights_V_30_we0       | out |    1|  ap_memory | weights1_m_weights_V_30 |     array    |
|weights1_m_weights_V_30_d0        | out |   32|  ap_memory | weights1_m_weights_V_30 |     array    |
|weights1_m_weights_V_31_address0  | out |    6|  ap_memory | weights1_m_weights_V_31 |     array    |
|weights1_m_weights_V_31_ce0       | out |    1|  ap_memory | weights1_m_weights_V_31 |     array    |
|weights1_m_weights_V_31_we0       | out |    1|  ap_memory | weights1_m_weights_V_31 |     array    |
|weights1_m_weights_V_31_d0        | out |   32|  ap_memory | weights1_m_weights_V_31 |     array    |
|weights2_m_weights_V_address0     | out |    8|  ap_memory |   weights2_m_weights_V  |     array    |
|weights2_m_weights_V_ce0          | out |    1|  ap_memory |   weights2_m_weights_V  |     array    |
|weights2_m_weights_V_we0          | out |    1|  ap_memory |   weights2_m_weights_V  |     array    |
|weights2_m_weights_V_d0           | out |   32|  ap_memory |   weights2_m_weights_V  |     array    |
|weights2_m_weights_V_1_address0   | out |    8|  ap_memory |  weights2_m_weights_V_1 |     array    |
|weights2_m_weights_V_1_ce0        | out |    1|  ap_memory |  weights2_m_weights_V_1 |     array    |
|weights2_m_weights_V_1_we0        | out |    1|  ap_memory |  weights2_m_weights_V_1 |     array    |
|weights2_m_weights_V_1_d0         | out |   32|  ap_memory |  weights2_m_weights_V_1 |     array    |
|weights2_m_weights_V_2_address0   | out |    8|  ap_memory |  weights2_m_weights_V_2 |     array    |
|weights2_m_weights_V_2_ce0        | out |    1|  ap_memory |  weights2_m_weights_V_2 |     array    |
|weights2_m_weights_V_2_we0        | out |    1|  ap_memory |  weights2_m_weights_V_2 |     array    |
|weights2_m_weights_V_2_d0         | out |   32|  ap_memory |  weights2_m_weights_V_2 |     array    |
|weights2_m_weights_V_3_address0   | out |    8|  ap_memory |  weights2_m_weights_V_3 |     array    |
|weights2_m_weights_V_3_ce0        | out |    1|  ap_memory |  weights2_m_weights_V_3 |     array    |
|weights2_m_weights_V_3_we0        | out |    1|  ap_memory |  weights2_m_weights_V_3 |     array    |
|weights2_m_weights_V_3_d0         | out |   32|  ap_memory |  weights2_m_weights_V_3 |     array    |
|weights2_m_weights_V_4_address0   | out |    8|  ap_memory |  weights2_m_weights_V_4 |     array    |
|weights2_m_weights_V_4_ce0        | out |    1|  ap_memory |  weights2_m_weights_V_4 |     array    |
|weights2_m_weights_V_4_we0        | out |    1|  ap_memory |  weights2_m_weights_V_4 |     array    |
|weights2_m_weights_V_4_d0         | out |   32|  ap_memory |  weights2_m_weights_V_4 |     array    |
|weights2_m_weights_V_5_address0   | out |    8|  ap_memory |  weights2_m_weights_V_5 |     array    |
|weights2_m_weights_V_5_ce0        | out |    1|  ap_memory |  weights2_m_weights_V_5 |     array    |
|weights2_m_weights_V_5_we0        | out |    1|  ap_memory |  weights2_m_weights_V_5 |     array    |
|weights2_m_weights_V_5_d0         | out |   32|  ap_memory |  weights2_m_weights_V_5 |     array    |
|weights2_m_weights_V_6_address0   | out |    8|  ap_memory |  weights2_m_weights_V_6 |     array    |
|weights2_m_weights_V_6_ce0        | out |    1|  ap_memory |  weights2_m_weights_V_6 |     array    |
|weights2_m_weights_V_6_we0        | out |    1|  ap_memory |  weights2_m_weights_V_6 |     array    |
|weights2_m_weights_V_6_d0         | out |   32|  ap_memory |  weights2_m_weights_V_6 |     array    |
|weights2_m_weights_V_7_address0   | out |    8|  ap_memory |  weights2_m_weights_V_7 |     array    |
|weights2_m_weights_V_7_ce0        | out |    1|  ap_memory |  weights2_m_weights_V_7 |     array    |
|weights2_m_weights_V_7_we0        | out |    1|  ap_memory |  weights2_m_weights_V_7 |     array    |
|weights2_m_weights_V_7_d0         | out |   32|  ap_memory |  weights2_m_weights_V_7 |     array    |
|weights2_m_weights_V_8_address0   | out |    8|  ap_memory |  weights2_m_weights_V_8 |     array    |
|weights2_m_weights_V_8_ce0        | out |    1|  ap_memory |  weights2_m_weights_V_8 |     array    |
|weights2_m_weights_V_8_we0        | out |    1|  ap_memory |  weights2_m_weights_V_8 |     array    |
|weights2_m_weights_V_8_d0         | out |   32|  ap_memory |  weights2_m_weights_V_8 |     array    |
|weights2_m_weights_V_9_address0   | out |    8|  ap_memory |  weights2_m_weights_V_9 |     array    |
|weights2_m_weights_V_9_ce0        | out |    1|  ap_memory |  weights2_m_weights_V_9 |     array    |
|weights2_m_weights_V_9_we0        | out |    1|  ap_memory |  weights2_m_weights_V_9 |     array    |
|weights2_m_weights_V_9_d0         | out |   32|  ap_memory |  weights2_m_weights_V_9 |     array    |
|weights2_m_weights_V_10_address0  | out |    8|  ap_memory | weights2_m_weights_V_10 |     array    |
|weights2_m_weights_V_10_ce0       | out |    1|  ap_memory | weights2_m_weights_V_10 |     array    |
|weights2_m_weights_V_10_we0       | out |    1|  ap_memory | weights2_m_weights_V_10 |     array    |
|weights2_m_weights_V_10_d0        | out |   32|  ap_memory | weights2_m_weights_V_10 |     array    |
|weights2_m_weights_V_11_address0  | out |    8|  ap_memory | weights2_m_weights_V_11 |     array    |
|weights2_m_weights_V_11_ce0       | out |    1|  ap_memory | weights2_m_weights_V_11 |     array    |
|weights2_m_weights_V_11_we0       | out |    1|  ap_memory | weights2_m_weights_V_11 |     array    |
|weights2_m_weights_V_11_d0        | out |   32|  ap_memory | weights2_m_weights_V_11 |     array    |
|weights2_m_weights_V_12_address0  | out |    8|  ap_memory | weights2_m_weights_V_12 |     array    |
|weights2_m_weights_V_12_ce0       | out |    1|  ap_memory | weights2_m_weights_V_12 |     array    |
|weights2_m_weights_V_12_we0       | out |    1|  ap_memory | weights2_m_weights_V_12 |     array    |
|weights2_m_weights_V_12_d0        | out |   32|  ap_memory | weights2_m_weights_V_12 |     array    |
|weights2_m_weights_V_13_address0  | out |    8|  ap_memory | weights2_m_weights_V_13 |     array    |
|weights2_m_weights_V_13_ce0       | out |    1|  ap_memory | weights2_m_weights_V_13 |     array    |
|weights2_m_weights_V_13_we0       | out |    1|  ap_memory | weights2_m_weights_V_13 |     array    |
|weights2_m_weights_V_13_d0        | out |   32|  ap_memory | weights2_m_weights_V_13 |     array    |
|weights2_m_weights_V_14_address0  | out |    8|  ap_memory | weights2_m_weights_V_14 |     array    |
|weights2_m_weights_V_14_ce0       | out |    1|  ap_memory | weights2_m_weights_V_14 |     array    |
|weights2_m_weights_V_14_we0       | out |    1|  ap_memory | weights2_m_weights_V_14 |     array    |
|weights2_m_weights_V_14_d0        | out |   32|  ap_memory | weights2_m_weights_V_14 |     array    |
|weights2_m_weights_V_15_address0  | out |    8|  ap_memory | weights2_m_weights_V_15 |     array    |
|weights2_m_weights_V_15_ce0       | out |    1|  ap_memory | weights2_m_weights_V_15 |     array    |
|weights2_m_weights_V_15_we0       | out |    1|  ap_memory | weights2_m_weights_V_15 |     array    |
|weights2_m_weights_V_15_d0        | out |   32|  ap_memory | weights2_m_weights_V_15 |     array    |
|weights3_m_weights_V_address0     | out |    9|  ap_memory |   weights3_m_weights_V  |     array    |
|weights3_m_weights_V_ce0          | out |    1|  ap_memory |   weights3_m_weights_V  |     array    |
|weights3_m_weights_V_we0          | out |    1|  ap_memory |   weights3_m_weights_V  |     array    |
|weights3_m_weights_V_d0           | out |   32|  ap_memory |   weights3_m_weights_V  |     array    |
|weights3_m_weights_V_1_address0   | out |    9|  ap_memory |  weights3_m_weights_V_1 |     array    |
|weights3_m_weights_V_1_ce0        | out |    1|  ap_memory |  weights3_m_weights_V_1 |     array    |
|weights3_m_weights_V_1_we0        | out |    1|  ap_memory |  weights3_m_weights_V_1 |     array    |
|weights3_m_weights_V_1_d0         | out |   32|  ap_memory |  weights3_m_weights_V_1 |     array    |
|weights3_m_weights_V_2_address0   | out |    9|  ap_memory |  weights3_m_weights_V_2 |     array    |
|weights3_m_weights_V_2_ce0        | out |    1|  ap_memory |  weights3_m_weights_V_2 |     array    |
|weights3_m_weights_V_2_we0        | out |    1|  ap_memory |  weights3_m_weights_V_2 |     array    |
|weights3_m_weights_V_2_d0         | out |   32|  ap_memory |  weights3_m_weights_V_2 |     array    |
|weights3_m_weights_V_3_address0   | out |    9|  ap_memory |  weights3_m_weights_V_3 |     array    |
|weights3_m_weights_V_3_ce0        | out |    1|  ap_memory |  weights3_m_weights_V_3 |     array    |
|weights3_m_weights_V_3_we0        | out |    1|  ap_memory |  weights3_m_weights_V_3 |     array    |
|weights3_m_weights_V_3_d0         | out |   32|  ap_memory |  weights3_m_weights_V_3 |     array    |
|weights3_m_weights_V_4_address0   | out |    9|  ap_memory |  weights3_m_weights_V_4 |     array    |
|weights3_m_weights_V_4_ce0        | out |    1|  ap_memory |  weights3_m_weights_V_4 |     array    |
|weights3_m_weights_V_4_we0        | out |    1|  ap_memory |  weights3_m_weights_V_4 |     array    |
|weights3_m_weights_V_4_d0         | out |   32|  ap_memory |  weights3_m_weights_V_4 |     array    |
|weights3_m_weights_V_5_address0   | out |    9|  ap_memory |  weights3_m_weights_V_5 |     array    |
|weights3_m_weights_V_5_ce0        | out |    1|  ap_memory |  weights3_m_weights_V_5 |     array    |
|weights3_m_weights_V_5_we0        | out |    1|  ap_memory |  weights3_m_weights_V_5 |     array    |
|weights3_m_weights_V_5_d0         | out |   32|  ap_memory |  weights3_m_weights_V_5 |     array    |
|weights3_m_weights_V_6_address0   | out |    9|  ap_memory |  weights3_m_weights_V_6 |     array    |
|weights3_m_weights_V_6_ce0        | out |    1|  ap_memory |  weights3_m_weights_V_6 |     array    |
|weights3_m_weights_V_6_we0        | out |    1|  ap_memory |  weights3_m_weights_V_6 |     array    |
|weights3_m_weights_V_6_d0         | out |   32|  ap_memory |  weights3_m_weights_V_6 |     array    |
|weights3_m_weights_V_7_address0   | out |    9|  ap_memory |  weights3_m_weights_V_7 |     array    |
|weights3_m_weights_V_7_ce0        | out |    1|  ap_memory |  weights3_m_weights_V_7 |     array    |
|weights3_m_weights_V_7_we0        | out |    1|  ap_memory |  weights3_m_weights_V_7 |     array    |
|weights3_m_weights_V_7_d0         | out |   32|  ap_memory |  weights3_m_weights_V_7 |     array    |
|weights3_m_weights_V_8_address0   | out |    9|  ap_memory |  weights3_m_weights_V_8 |     array    |
|weights3_m_weights_V_8_ce0        | out |    1|  ap_memory |  weights3_m_weights_V_8 |     array    |
|weights3_m_weights_V_8_we0        | out |    1|  ap_memory |  weights3_m_weights_V_8 |     array    |
|weights3_m_weights_V_8_d0         | out |   32|  ap_memory |  weights3_m_weights_V_8 |     array    |
|weights3_m_weights_V_9_address0   | out |    9|  ap_memory |  weights3_m_weights_V_9 |     array    |
|weights3_m_weights_V_9_ce0        | out |    1|  ap_memory |  weights3_m_weights_V_9 |     array    |
|weights3_m_weights_V_9_we0        | out |    1|  ap_memory |  weights3_m_weights_V_9 |     array    |
|weights3_m_weights_V_9_d0         | out |   32|  ap_memory |  weights3_m_weights_V_9 |     array    |
|weights3_m_weights_V_10_address0  | out |    9|  ap_memory | weights3_m_weights_V_10 |     array    |
|weights3_m_weights_V_10_ce0       | out |    1|  ap_memory | weights3_m_weights_V_10 |     array    |
|weights3_m_weights_V_10_we0       | out |    1|  ap_memory | weights3_m_weights_V_10 |     array    |
|weights3_m_weights_V_10_d0        | out |   32|  ap_memory | weights3_m_weights_V_10 |     array    |
|weights3_m_weights_V_11_address0  | out |    9|  ap_memory | weights3_m_weights_V_11 |     array    |
|weights3_m_weights_V_11_ce0       | out |    1|  ap_memory | weights3_m_weights_V_11 |     array    |
|weights3_m_weights_V_11_we0       | out |    1|  ap_memory | weights3_m_weights_V_11 |     array    |
|weights3_m_weights_V_11_d0        | out |   32|  ap_memory | weights3_m_weights_V_11 |     array    |
|weights3_m_weights_V_12_address0  | out |    9|  ap_memory | weights3_m_weights_V_12 |     array    |
|weights3_m_weights_V_12_ce0       | out |    1|  ap_memory | weights3_m_weights_V_12 |     array    |
|weights3_m_weights_V_12_we0       | out |    1|  ap_memory | weights3_m_weights_V_12 |     array    |
|weights3_m_weights_V_12_d0        | out |   32|  ap_memory | weights3_m_weights_V_12 |     array    |
|weights3_m_weights_V_13_address0  | out |    9|  ap_memory | weights3_m_weights_V_13 |     array    |
|weights3_m_weights_V_13_ce0       | out |    1|  ap_memory | weights3_m_weights_V_13 |     array    |
|weights3_m_weights_V_13_we0       | out |    1|  ap_memory | weights3_m_weights_V_13 |     array    |
|weights3_m_weights_V_13_d0        | out |   32|  ap_memory | weights3_m_weights_V_13 |     array    |
|weights3_m_weights_V_14_address0  | out |    9|  ap_memory | weights3_m_weights_V_14 |     array    |
|weights3_m_weights_V_14_ce0       | out |    1|  ap_memory | weights3_m_weights_V_14 |     array    |
|weights3_m_weights_V_14_we0       | out |    1|  ap_memory | weights3_m_weights_V_14 |     array    |
|weights3_m_weights_V_14_d0        | out |   32|  ap_memory | weights3_m_weights_V_14 |     array    |
|weights3_m_weights_V_15_address0  | out |    9|  ap_memory | weights3_m_weights_V_15 |     array    |
|weights3_m_weights_V_15_ce0       | out |    1|  ap_memory | weights3_m_weights_V_15 |     array    |
|weights3_m_weights_V_15_we0       | out |    1|  ap_memory | weights3_m_weights_V_15 |     array    |
|weights3_m_weights_V_15_d0        | out |   32|  ap_memory | weights3_m_weights_V_15 |     array    |
|weights4_m_weights_V_address0     | out |   12|  ap_memory |   weights4_m_weights_V  |     array    |
|weights4_m_weights_V_ce0          | out |    1|  ap_memory |   weights4_m_weights_V  |     array    |
|weights4_m_weights_V_we0          | out |    1|  ap_memory |   weights4_m_weights_V  |     array    |
|weights4_m_weights_V_d0           | out |   32|  ap_memory |   weights4_m_weights_V  |     array    |
|weights4_m_weights_V_1_address0   | out |   12|  ap_memory |  weights4_m_weights_V_1 |     array    |
|weights4_m_weights_V_1_ce0        | out |    1|  ap_memory |  weights4_m_weights_V_1 |     array    |
|weights4_m_weights_V_1_we0        | out |    1|  ap_memory |  weights4_m_weights_V_1 |     array    |
|weights4_m_weights_V_1_d0         | out |   32|  ap_memory |  weights4_m_weights_V_1 |     array    |
|weights4_m_weights_V_2_address0   | out |   12|  ap_memory |  weights4_m_weights_V_2 |     array    |
|weights4_m_weights_V_2_ce0        | out |    1|  ap_memory |  weights4_m_weights_V_2 |     array    |
|weights4_m_weights_V_2_we0        | out |    1|  ap_memory |  weights4_m_weights_V_2 |     array    |
|weights4_m_weights_V_2_d0         | out |   32|  ap_memory |  weights4_m_weights_V_2 |     array    |
|weights4_m_weights_V_3_address0   | out |   12|  ap_memory |  weights4_m_weights_V_3 |     array    |
|weights4_m_weights_V_3_ce0        | out |    1|  ap_memory |  weights4_m_weights_V_3 |     array    |
|weights4_m_weights_V_3_we0        | out |    1|  ap_memory |  weights4_m_weights_V_3 |     array    |
|weights4_m_weights_V_3_d0         | out |   32|  ap_memory |  weights4_m_weights_V_3 |     array    |
|weights8_m_weights_V_address0     | out |   13|  ap_memory |   weights8_m_weights_V  |     array    |
|weights8_m_weights_V_ce0          | out |    1|  ap_memory |   weights8_m_weights_V  |     array    |
|weights8_m_weights_V_we0          | out |    1|  ap_memory |   weights8_m_weights_V  |     array    |
|weights8_m_weights_V_d0           | out |    1|  ap_memory |   weights8_m_weights_V  |     array    |
|weights8_m_weights_V_1_address0   | out |   13|  ap_memory |  weights8_m_weights_V_1 |     array    |
|weights8_m_weights_V_1_ce0        | out |    1|  ap_memory |  weights8_m_weights_V_1 |     array    |
|weights8_m_weights_V_1_we0        | out |    1|  ap_memory |  weights8_m_weights_V_1 |     array    |
|weights8_m_weights_V_1_d0         | out |    1|  ap_memory |  weights8_m_weights_V_1 |     array    |
|weights8_m_weights_V_2_address0   | out |   13|  ap_memory |  weights8_m_weights_V_2 |     array    |
|weights8_m_weights_V_2_ce0        | out |    1|  ap_memory |  weights8_m_weights_V_2 |     array    |
|weights8_m_weights_V_2_we0        | out |    1|  ap_memory |  weights8_m_weights_V_2 |     array    |
|weights8_m_weights_V_2_d0         | out |    1|  ap_memory |  weights8_m_weights_V_2 |     array    |
|weights8_m_weights_V_3_address0   | out |   13|  ap_memory |  weights8_m_weights_V_3 |     array    |
|weights8_m_weights_V_3_ce0        | out |    1|  ap_memory |  weights8_m_weights_V_3 |     array    |
|weights8_m_weights_V_3_we0        | out |    1|  ap_memory |  weights8_m_weights_V_3 |     array    |
|weights8_m_weights_V_3_d0         | out |    1|  ap_memory |  weights8_m_weights_V_3 |     array    |
|threshs0_m_threshold_15_address0  | out |    2|  ap_memory | threshs0_m_threshold_15 |     array    |
|threshs0_m_threshold_15_ce0       | out |    1|  ap_memory | threshs0_m_threshold_15 |     array    |
|threshs0_m_threshold_15_we0       | out |    1|  ap_memory | threshs0_m_threshold_15 |     array    |
|threshs0_m_threshold_15_d0        | out |   24|  ap_memory | threshs0_m_threshold_15 |     array    |
|threshs0_m_threshold_14_address0  | out |    2|  ap_memory | threshs0_m_threshold_14 |     array    |
|threshs0_m_threshold_14_ce0       | out |    1|  ap_memory | threshs0_m_threshold_14 |     array    |
|threshs0_m_threshold_14_we0       | out |    1|  ap_memory | threshs0_m_threshold_14 |     array    |
|threshs0_m_threshold_14_d0        | out |   24|  ap_memory | threshs0_m_threshold_14 |     array    |
|threshs0_m_threshold_7_address0   | out |    2|  ap_memory |  threshs0_m_threshold_7 |     array    |
|threshs0_m_threshold_7_ce0        | out |    1|  ap_memory |  threshs0_m_threshold_7 |     array    |
|threshs0_m_threshold_7_we0        | out |    1|  ap_memory |  threshs0_m_threshold_7 |     array    |
|threshs0_m_threshold_7_d0         | out |   24|  ap_memory |  threshs0_m_threshold_7 |     array    |
|threshs0_m_threshold_6_address0   | out |    2|  ap_memory |  threshs0_m_threshold_6 |     array    |
|threshs0_m_threshold_6_ce0        | out |    1|  ap_memory |  threshs0_m_threshold_6 |     array    |
|threshs0_m_threshold_6_we0        | out |    1|  ap_memory |  threshs0_m_threshold_6 |     array    |
|threshs0_m_threshold_6_d0         | out |   24|  ap_memory |  threshs0_m_threshold_6 |     array    |
|threshs0_m_threshold_5_address0   | out |    2|  ap_memory |  threshs0_m_threshold_5 |     array    |
|threshs0_m_threshold_5_ce0        | out |    1|  ap_memory |  threshs0_m_threshold_5 |     array    |
|threshs0_m_threshold_5_we0        | out |    1|  ap_memory |  threshs0_m_threshold_5 |     array    |
|threshs0_m_threshold_5_d0         | out |   24|  ap_memory |  threshs0_m_threshold_5 |     array    |
|threshs0_m_threshold_4_address0   | out |    2|  ap_memory |  threshs0_m_threshold_4 |     array    |
|threshs0_m_threshold_4_ce0        | out |    1|  ap_memory |  threshs0_m_threshold_4 |     array    |
|threshs0_m_threshold_4_we0        | out |    1|  ap_memory |  threshs0_m_threshold_4 |     array    |
|threshs0_m_threshold_4_d0         | out |   24|  ap_memory |  threshs0_m_threshold_4 |     array    |
|threshs0_m_threshold_3_address0   | out |    2|  ap_memory |  threshs0_m_threshold_3 |     array    |
|threshs0_m_threshold_3_ce0        | out |    1|  ap_memory |  threshs0_m_threshold_3 |     array    |
|threshs0_m_threshold_3_we0        | out |    1|  ap_memory |  threshs0_m_threshold_3 |     array    |
|threshs0_m_threshold_3_d0         | out |   24|  ap_memory |  threshs0_m_threshold_3 |     array    |
|threshs0_m_threshold_2_address0   | out |    2|  ap_memory |  threshs0_m_threshold_2 |     array    |
|threshs0_m_threshold_2_ce0        | out |    1|  ap_memory |  threshs0_m_threshold_2 |     array    |
|threshs0_m_threshold_2_we0        | out |    1|  ap_memory |  threshs0_m_threshold_2 |     array    |
|threshs0_m_threshold_2_d0         | out |   24|  ap_memory |  threshs0_m_threshold_2 |     array    |
|threshs0_m_threshold_1_address0   | out |    2|  ap_memory |  threshs0_m_threshold_1 |     array    |
|threshs0_m_threshold_1_ce0        | out |    1|  ap_memory |  threshs0_m_threshold_1 |     array    |
|threshs0_m_threshold_1_we0        | out |    1|  ap_memory |  threshs0_m_threshold_1 |     array    |
|threshs0_m_threshold_1_d0         | out |   24|  ap_memory |  threshs0_m_threshold_1 |     array    |
|threshs0_m_threshold_address0     | out |    2|  ap_memory |   threshs0_m_threshold  |     array    |
|threshs0_m_threshold_ce0          | out |    1|  ap_memory |   threshs0_m_threshold  |     array    |
|threshs0_m_threshold_we0          | out |    1|  ap_memory |   threshs0_m_threshold  |     array    |
|threshs0_m_threshold_d0           | out |   24|  ap_memory |   threshs0_m_threshold  |     array    |
|threshs0_m_threshold_13_address0  | out |    2|  ap_memory | threshs0_m_threshold_13 |     array    |
|threshs0_m_threshold_13_ce0       | out |    1|  ap_memory | threshs0_m_threshold_13 |     array    |
|threshs0_m_threshold_13_we0       | out |    1|  ap_memory | threshs0_m_threshold_13 |     array    |
|threshs0_m_threshold_13_d0        | out |   24|  ap_memory | threshs0_m_threshold_13 |     array    |
|threshs0_m_threshold_12_address0  | out |    2|  ap_memory | threshs0_m_threshold_12 |     array    |
|threshs0_m_threshold_12_ce0       | out |    1|  ap_memory | threshs0_m_threshold_12 |     array    |
|threshs0_m_threshold_12_we0       | out |    1|  ap_memory | threshs0_m_threshold_12 |     array    |
|threshs0_m_threshold_12_d0        | out |   24|  ap_memory | threshs0_m_threshold_12 |     array    |
|threshs0_m_threshold_11_address0  | out |    2|  ap_memory | threshs0_m_threshold_11 |     array    |
|threshs0_m_threshold_11_ce0       | out |    1|  ap_memory | threshs0_m_threshold_11 |     array    |
|threshs0_m_threshold_11_we0       | out |    1|  ap_memory | threshs0_m_threshold_11 |     array    |
|threshs0_m_threshold_11_d0        | out |   24|  ap_memory | threshs0_m_threshold_11 |     array    |
|threshs0_m_threshold_10_address0  | out |    2|  ap_memory | threshs0_m_threshold_10 |     array    |
|threshs0_m_threshold_10_ce0       | out |    1|  ap_memory | threshs0_m_threshold_10 |     array    |
|threshs0_m_threshold_10_we0       | out |    1|  ap_memory | threshs0_m_threshold_10 |     array    |
|threshs0_m_threshold_10_d0        | out |   24|  ap_memory | threshs0_m_threshold_10 |     array    |
|threshs0_m_threshold_9_address0   | out |    2|  ap_memory |  threshs0_m_threshold_9 |     array    |
|threshs0_m_threshold_9_ce0        | out |    1|  ap_memory |  threshs0_m_threshold_9 |     array    |
|threshs0_m_threshold_9_we0        | out |    1|  ap_memory |  threshs0_m_threshold_9 |     array    |
|threshs0_m_threshold_9_d0         | out |   24|  ap_memory |  threshs0_m_threshold_9 |     array    |
|threshs0_m_threshold_8_address0   | out |    2|  ap_memory |  threshs0_m_threshold_8 |     array    |
|threshs0_m_threshold_8_ce0        | out |    1|  ap_memory |  threshs0_m_threshold_8 |     array    |
|threshs0_m_threshold_8_we0        | out |    1|  ap_memory |  threshs0_m_threshold_8 |     array    |
|threshs0_m_threshold_8_d0         | out |   24|  ap_memory |  threshs0_m_threshold_8 |     array    |
|threshs1_m_threshold_31_address0  | out |    1|  ap_memory | threshs1_m_threshold_31 |     array    |
|threshs1_m_threshold_31_ce0       | out |    1|  ap_memory | threshs1_m_threshold_31 |     array    |
|threshs1_m_threshold_31_we0       | out |    1|  ap_memory | threshs1_m_threshold_31 |     array    |
|threshs1_m_threshold_31_d0        | out |   16|  ap_memory | threshs1_m_threshold_31 |     array    |
|threshs1_m_threshold_30_address0  | out |    1|  ap_memory | threshs1_m_threshold_30 |     array    |
|threshs1_m_threshold_30_ce0       | out |    1|  ap_memory | threshs1_m_threshold_30 |     array    |
|threshs1_m_threshold_30_we0       | out |    1|  ap_memory | threshs1_m_threshold_30 |     array    |
|threshs1_m_threshold_30_d0        | out |   16|  ap_memory | threshs1_m_threshold_30 |     array    |
|threshs1_m_threshold_19_address0  | out |    1|  ap_memory | threshs1_m_threshold_19 |     array    |
|threshs1_m_threshold_19_ce0       | out |    1|  ap_memory | threshs1_m_threshold_19 |     array    |
|threshs1_m_threshold_19_we0       | out |    1|  ap_memory | threshs1_m_threshold_19 |     array    |
|threshs1_m_threshold_19_d0        | out |   16|  ap_memory | threshs1_m_threshold_19 |     array    |
|threshs1_m_threshold_8_address0   | out |    1|  ap_memory |  threshs1_m_threshold_8 |     array    |
|threshs1_m_threshold_8_ce0        | out |    1|  ap_memory |  threshs1_m_threshold_8 |     array    |
|threshs1_m_threshold_8_we0        | out |    1|  ap_memory |  threshs1_m_threshold_8 |     array    |
|threshs1_m_threshold_8_d0         | out |   16|  ap_memory |  threshs1_m_threshold_8 |     array    |
|threshs1_m_threshold_5_address0   | out |    1|  ap_memory |  threshs1_m_threshold_5 |     array    |
|threshs1_m_threshold_5_ce0        | out |    1|  ap_memory |  threshs1_m_threshold_5 |     array    |
|threshs1_m_threshold_5_we0        | out |    1|  ap_memory |  threshs1_m_threshold_5 |     array    |
|threshs1_m_threshold_5_d0         | out |   16|  ap_memory |  threshs1_m_threshold_5 |     array    |
|threshs1_m_threshold_4_address0   | out |    1|  ap_memory |  threshs1_m_threshold_4 |     array    |
|threshs1_m_threshold_4_ce0        | out |    1|  ap_memory |  threshs1_m_threshold_4 |     array    |
|threshs1_m_threshold_4_we0        | out |    1|  ap_memory |  threshs1_m_threshold_4 |     array    |
|threshs1_m_threshold_4_d0         | out |   16|  ap_memory |  threshs1_m_threshold_4 |     array    |
|threshs1_m_threshold_3_address0   | out |    1|  ap_memory |  threshs1_m_threshold_3 |     array    |
|threshs1_m_threshold_3_ce0        | out |    1|  ap_memory |  threshs1_m_threshold_3 |     array    |
|threshs1_m_threshold_3_we0        | out |    1|  ap_memory |  threshs1_m_threshold_3 |     array    |
|threshs1_m_threshold_3_d0         | out |   16|  ap_memory |  threshs1_m_threshold_3 |     array    |
|threshs1_m_threshold_2_address0   | out |    1|  ap_memory |  threshs1_m_threshold_2 |     array    |
|threshs1_m_threshold_2_ce0        | out |    1|  ap_memory |  threshs1_m_threshold_2 |     array    |
|threshs1_m_threshold_2_we0        | out |    1|  ap_memory |  threshs1_m_threshold_2 |     array    |
|threshs1_m_threshold_2_d0         | out |   16|  ap_memory |  threshs1_m_threshold_2 |     array    |
|threshs1_m_threshold_1_address0   | out |    1|  ap_memory |  threshs1_m_threshold_1 |     array    |
|threshs1_m_threshold_1_ce0        | out |    1|  ap_memory |  threshs1_m_threshold_1 |     array    |
|threshs1_m_threshold_1_we0        | out |    1|  ap_memory |  threshs1_m_threshold_1 |     array    |
|threshs1_m_threshold_1_d0         | out |   16|  ap_memory |  threshs1_m_threshold_1 |     array    |
|threshs1_m_threshold_address0     | out |    1|  ap_memory |   threshs1_m_threshold  |     array    |
|threshs1_m_threshold_ce0          | out |    1|  ap_memory |   threshs1_m_threshold  |     array    |
|threshs1_m_threshold_we0          | out |    1|  ap_memory |   threshs1_m_threshold  |     array    |
|threshs1_m_threshold_d0           | out |   16|  ap_memory |   threshs1_m_threshold  |     array    |
|threshs1_m_threshold_29_address0  | out |    1|  ap_memory | threshs1_m_threshold_29 |     array    |
|threshs1_m_threshold_29_ce0       | out |    1|  ap_memory | threshs1_m_threshold_29 |     array    |
|threshs1_m_threshold_29_we0       | out |    1|  ap_memory | threshs1_m_threshold_29 |     array    |
|threshs1_m_threshold_29_d0        | out |   16|  ap_memory | threshs1_m_threshold_29 |     array    |
|threshs1_m_threshold_28_address0  | out |    1|  ap_memory | threshs1_m_threshold_28 |     array    |
|threshs1_m_threshold_28_ce0       | out |    1|  ap_memory | threshs1_m_threshold_28 |     array    |
|threshs1_m_threshold_28_we0       | out |    1|  ap_memory | threshs1_m_threshold_28 |     array    |
|threshs1_m_threshold_28_d0        | out |   16|  ap_memory | threshs1_m_threshold_28 |     array    |
|threshs1_m_threshold_27_address0  | out |    1|  ap_memory | threshs1_m_threshold_27 |     array    |
|threshs1_m_threshold_27_ce0       | out |    1|  ap_memory | threshs1_m_threshold_27 |     array    |
|threshs1_m_threshold_27_we0       | out |    1|  ap_memory | threshs1_m_threshold_27 |     array    |
|threshs1_m_threshold_27_d0        | out |   16|  ap_memory | threshs1_m_threshold_27 |     array    |
|threshs1_m_threshold_26_address0  | out |    1|  ap_memory | threshs1_m_threshold_26 |     array    |
|threshs1_m_threshold_26_ce0       | out |    1|  ap_memory | threshs1_m_threshold_26 |     array    |
|threshs1_m_threshold_26_we0       | out |    1|  ap_memory | threshs1_m_threshold_26 |     array    |
|threshs1_m_threshold_26_d0        | out |   16|  ap_memory | threshs1_m_threshold_26 |     array    |
|threshs1_m_threshold_25_address0  | out |    1|  ap_memory | threshs1_m_threshold_25 |     array    |
|threshs1_m_threshold_25_ce0       | out |    1|  ap_memory | threshs1_m_threshold_25 |     array    |
|threshs1_m_threshold_25_we0       | out |    1|  ap_memory | threshs1_m_threshold_25 |     array    |
|threshs1_m_threshold_25_d0        | out |   16|  ap_memory | threshs1_m_threshold_25 |     array    |
|threshs1_m_threshold_24_address0  | out |    1|  ap_memory | threshs1_m_threshold_24 |     array    |
|threshs1_m_threshold_24_ce0       | out |    1|  ap_memory | threshs1_m_threshold_24 |     array    |
|threshs1_m_threshold_24_we0       | out |    1|  ap_memory | threshs1_m_threshold_24 |     array    |
|threshs1_m_threshold_24_d0        | out |   16|  ap_memory | threshs1_m_threshold_24 |     array    |
|threshs1_m_threshold_23_address0  | out |    1|  ap_memory | threshs1_m_threshold_23 |     array    |
|threshs1_m_threshold_23_ce0       | out |    1|  ap_memory | threshs1_m_threshold_23 |     array    |
|threshs1_m_threshold_23_we0       | out |    1|  ap_memory | threshs1_m_threshold_23 |     array    |
|threshs1_m_threshold_23_d0        | out |   16|  ap_memory | threshs1_m_threshold_23 |     array    |
|threshs1_m_threshold_22_address0  | out |    1|  ap_memory | threshs1_m_threshold_22 |     array    |
|threshs1_m_threshold_22_ce0       | out |    1|  ap_memory | threshs1_m_threshold_22 |     array    |
|threshs1_m_threshold_22_we0       | out |    1|  ap_memory | threshs1_m_threshold_22 |     array    |
|threshs1_m_threshold_22_d0        | out |   16|  ap_memory | threshs1_m_threshold_22 |     array    |
|threshs1_m_threshold_21_address0  | out |    1|  ap_memory | threshs1_m_threshold_21 |     array    |
|threshs1_m_threshold_21_ce0       | out |    1|  ap_memory | threshs1_m_threshold_21 |     array    |
|threshs1_m_threshold_21_we0       | out |    1|  ap_memory | threshs1_m_threshold_21 |     array    |
|threshs1_m_threshold_21_d0        | out |   16|  ap_memory | threshs1_m_threshold_21 |     array    |
|threshs1_m_threshold_20_address0  | out |    1|  ap_memory | threshs1_m_threshold_20 |     array    |
|threshs1_m_threshold_20_ce0       | out |    1|  ap_memory | threshs1_m_threshold_20 |     array    |
|threshs1_m_threshold_20_we0       | out |    1|  ap_memory | threshs1_m_threshold_20 |     array    |
|threshs1_m_threshold_20_d0        | out |   16|  ap_memory | threshs1_m_threshold_20 |     array    |
|threshs1_m_threshold_18_address0  | out |    1|  ap_memory | threshs1_m_threshold_18 |     array    |
|threshs1_m_threshold_18_ce0       | out |    1|  ap_memory | threshs1_m_threshold_18 |     array    |
|threshs1_m_threshold_18_we0       | out |    1|  ap_memory | threshs1_m_threshold_18 |     array    |
|threshs1_m_threshold_18_d0        | out |   16|  ap_memory | threshs1_m_threshold_18 |     array    |
|threshs1_m_threshold_17_address0  | out |    1|  ap_memory | threshs1_m_threshold_17 |     array    |
|threshs1_m_threshold_17_ce0       | out |    1|  ap_memory | threshs1_m_threshold_17 |     array    |
|threshs1_m_threshold_17_we0       | out |    1|  ap_memory | threshs1_m_threshold_17 |     array    |
|threshs1_m_threshold_17_d0        | out |   16|  ap_memory | threshs1_m_threshold_17 |     array    |
|threshs1_m_threshold_16_address0  | out |    1|  ap_memory | threshs1_m_threshold_16 |     array    |
|threshs1_m_threshold_16_ce0       | out |    1|  ap_memory | threshs1_m_threshold_16 |     array    |
|threshs1_m_threshold_16_we0       | out |    1|  ap_memory | threshs1_m_threshold_16 |     array    |
|threshs1_m_threshold_16_d0        | out |   16|  ap_memory | threshs1_m_threshold_16 |     array    |
|threshs1_m_threshold_15_address0  | out |    1|  ap_memory | threshs1_m_threshold_15 |     array    |
|threshs1_m_threshold_15_ce0       | out |    1|  ap_memory | threshs1_m_threshold_15 |     array    |
|threshs1_m_threshold_15_we0       | out |    1|  ap_memory | threshs1_m_threshold_15 |     array    |
|threshs1_m_threshold_15_d0        | out |   16|  ap_memory | threshs1_m_threshold_15 |     array    |
|threshs1_m_threshold_14_address0  | out |    1|  ap_memory | threshs1_m_threshold_14 |     array    |
|threshs1_m_threshold_14_ce0       | out |    1|  ap_memory | threshs1_m_threshold_14 |     array    |
|threshs1_m_threshold_14_we0       | out |    1|  ap_memory | threshs1_m_threshold_14 |     array    |
|threshs1_m_threshold_14_d0        | out |   16|  ap_memory | threshs1_m_threshold_14 |     array    |
|threshs1_m_threshold_13_address0  | out |    1|  ap_memory | threshs1_m_threshold_13 |     array    |
|threshs1_m_threshold_13_ce0       | out |    1|  ap_memory | threshs1_m_threshold_13 |     array    |
|threshs1_m_threshold_13_we0       | out |    1|  ap_memory | threshs1_m_threshold_13 |     array    |
|threshs1_m_threshold_13_d0        | out |   16|  ap_memory | threshs1_m_threshold_13 |     array    |
|threshs1_m_threshold_12_address0  | out |    1|  ap_memory | threshs1_m_threshold_12 |     array    |
|threshs1_m_threshold_12_ce0       | out |    1|  ap_memory | threshs1_m_threshold_12 |     array    |
|threshs1_m_threshold_12_we0       | out |    1|  ap_memory | threshs1_m_threshold_12 |     array    |
|threshs1_m_threshold_12_d0        | out |   16|  ap_memory | threshs1_m_threshold_12 |     array    |
|threshs1_m_threshold_11_address0  | out |    1|  ap_memory | threshs1_m_threshold_11 |     array    |
|threshs1_m_threshold_11_ce0       | out |    1|  ap_memory | threshs1_m_threshold_11 |     array    |
|threshs1_m_threshold_11_we0       | out |    1|  ap_memory | threshs1_m_threshold_11 |     array    |
|threshs1_m_threshold_11_d0        | out |   16|  ap_memory | threshs1_m_threshold_11 |     array    |
|threshs1_m_threshold_10_address0  | out |    1|  ap_memory | threshs1_m_threshold_10 |     array    |
|threshs1_m_threshold_10_ce0       | out |    1|  ap_memory | threshs1_m_threshold_10 |     array    |
|threshs1_m_threshold_10_we0       | out |    1|  ap_memory | threshs1_m_threshold_10 |     array    |
|threshs1_m_threshold_10_d0        | out |   16|  ap_memory | threshs1_m_threshold_10 |     array    |
|threshs1_m_threshold_9_address0   | out |    1|  ap_memory |  threshs1_m_threshold_9 |     array    |
|threshs1_m_threshold_9_ce0        | out |    1|  ap_memory |  threshs1_m_threshold_9 |     array    |
|threshs1_m_threshold_9_we0        | out |    1|  ap_memory |  threshs1_m_threshold_9 |     array    |
|threshs1_m_threshold_9_d0         | out |   16|  ap_memory |  threshs1_m_threshold_9 |     array    |
|threshs1_m_threshold_7_address0   | out |    1|  ap_memory |  threshs1_m_threshold_7 |     array    |
|threshs1_m_threshold_7_ce0        | out |    1|  ap_memory |  threshs1_m_threshold_7 |     array    |
|threshs1_m_threshold_7_we0        | out |    1|  ap_memory |  threshs1_m_threshold_7 |     array    |
|threshs1_m_threshold_7_d0         | out |   16|  ap_memory |  threshs1_m_threshold_7 |     array    |
|threshs1_m_threshold_6_address0   | out |    1|  ap_memory |  threshs1_m_threshold_6 |     array    |
|threshs1_m_threshold_6_ce0        | out |    1|  ap_memory |  threshs1_m_threshold_6 |     array    |
|threshs1_m_threshold_6_we0        | out |    1|  ap_memory |  threshs1_m_threshold_6 |     array    |
|threshs1_m_threshold_6_d0         | out |   16|  ap_memory |  threshs1_m_threshold_6 |     array    |
|threshs2_m_threshold_15_address0  | out |    3|  ap_memory | threshs2_m_threshold_15 |     array    |
|threshs2_m_threshold_15_ce0       | out |    1|  ap_memory | threshs2_m_threshold_15 |     array    |
|threshs2_m_threshold_15_we0       | out |    1|  ap_memory | threshs2_m_threshold_15 |     array    |
|threshs2_m_threshold_15_d0        | out |   16|  ap_memory | threshs2_m_threshold_15 |     array    |
|threshs2_m_threshold_14_address0  | out |    3|  ap_memory | threshs2_m_threshold_14 |     array    |
|threshs2_m_threshold_14_ce0       | out |    1|  ap_memory | threshs2_m_threshold_14 |     array    |
|threshs2_m_threshold_14_we0       | out |    1|  ap_memory | threshs2_m_threshold_14 |     array    |
|threshs2_m_threshold_14_d0        | out |   16|  ap_memory | threshs2_m_threshold_14 |     array    |
|threshs2_m_threshold_7_address0   | out |    3|  ap_memory |  threshs2_m_threshold_7 |     array    |
|threshs2_m_threshold_7_ce0        | out |    1|  ap_memory |  threshs2_m_threshold_7 |     array    |
|threshs2_m_threshold_7_we0        | out |    1|  ap_memory |  threshs2_m_threshold_7 |     array    |
|threshs2_m_threshold_7_d0         | out |   16|  ap_memory |  threshs2_m_threshold_7 |     array    |
|threshs2_m_threshold_6_address0   | out |    3|  ap_memory |  threshs2_m_threshold_6 |     array    |
|threshs2_m_threshold_6_ce0        | out |    1|  ap_memory |  threshs2_m_threshold_6 |     array    |
|threshs2_m_threshold_6_we0        | out |    1|  ap_memory |  threshs2_m_threshold_6 |     array    |
|threshs2_m_threshold_6_d0         | out |   16|  ap_memory |  threshs2_m_threshold_6 |     array    |
|threshs2_m_threshold_5_address0   | out |    3|  ap_memory |  threshs2_m_threshold_5 |     array    |
|threshs2_m_threshold_5_ce0        | out |    1|  ap_memory |  threshs2_m_threshold_5 |     array    |
|threshs2_m_threshold_5_we0        | out |    1|  ap_memory |  threshs2_m_threshold_5 |     array    |
|threshs2_m_threshold_5_d0         | out |   16|  ap_memory |  threshs2_m_threshold_5 |     array    |
|threshs2_m_threshold_4_address0   | out |    3|  ap_memory |  threshs2_m_threshold_4 |     array    |
|threshs2_m_threshold_4_ce0        | out |    1|  ap_memory |  threshs2_m_threshold_4 |     array    |
|threshs2_m_threshold_4_we0        | out |    1|  ap_memory |  threshs2_m_threshold_4 |     array    |
|threshs2_m_threshold_4_d0         | out |   16|  ap_memory |  threshs2_m_threshold_4 |     array    |
|threshs2_m_threshold_3_address0   | out |    3|  ap_memory |  threshs2_m_threshold_3 |     array    |
|threshs2_m_threshold_3_ce0        | out |    1|  ap_memory |  threshs2_m_threshold_3 |     array    |
|threshs2_m_threshold_3_we0        | out |    1|  ap_memory |  threshs2_m_threshold_3 |     array    |
|threshs2_m_threshold_3_d0         | out |   16|  ap_memory |  threshs2_m_threshold_3 |     array    |
|threshs2_m_threshold_2_address0   | out |    3|  ap_memory |  threshs2_m_threshold_2 |     array    |
|threshs2_m_threshold_2_ce0        | out |    1|  ap_memory |  threshs2_m_threshold_2 |     array    |
|threshs2_m_threshold_2_we0        | out |    1|  ap_memory |  threshs2_m_threshold_2 |     array    |
|threshs2_m_threshold_2_d0         | out |   16|  ap_memory |  threshs2_m_threshold_2 |     array    |
|threshs2_m_threshold_1_address0   | out |    3|  ap_memory |  threshs2_m_threshold_1 |     array    |
|threshs2_m_threshold_1_ce0        | out |    1|  ap_memory |  threshs2_m_threshold_1 |     array    |
|threshs2_m_threshold_1_we0        | out |    1|  ap_memory |  threshs2_m_threshold_1 |     array    |
|threshs2_m_threshold_1_d0         | out |   16|  ap_memory |  threshs2_m_threshold_1 |     array    |
|threshs2_m_threshold_address0     | out |    3|  ap_memory |   threshs2_m_threshold  |     array    |
|threshs2_m_threshold_ce0          | out |    1|  ap_memory |   threshs2_m_threshold  |     array    |
|threshs2_m_threshold_we0          | out |    1|  ap_memory |   threshs2_m_threshold  |     array    |
|threshs2_m_threshold_d0           | out |   16|  ap_memory |   threshs2_m_threshold  |     array    |
|threshs2_m_threshold_13_address0  | out |    3|  ap_memory | threshs2_m_threshold_13 |     array    |
|threshs2_m_threshold_13_ce0       | out |    1|  ap_memory | threshs2_m_threshold_13 |     array    |
|threshs2_m_threshold_13_we0       | out |    1|  ap_memory | threshs2_m_threshold_13 |     array    |
|threshs2_m_threshold_13_d0        | out |   16|  ap_memory | threshs2_m_threshold_13 |     array    |
|threshs2_m_threshold_12_address0  | out |    3|  ap_memory | threshs2_m_threshold_12 |     array    |
|threshs2_m_threshold_12_ce0       | out |    1|  ap_memory | threshs2_m_threshold_12 |     array    |
|threshs2_m_threshold_12_we0       | out |    1|  ap_memory | threshs2_m_threshold_12 |     array    |
|threshs2_m_threshold_12_d0        | out |   16|  ap_memory | threshs2_m_threshold_12 |     array    |
|threshs2_m_threshold_11_address0  | out |    3|  ap_memory | threshs2_m_threshold_11 |     array    |
|threshs2_m_threshold_11_ce0       | out |    1|  ap_memory | threshs2_m_threshold_11 |     array    |
|threshs2_m_threshold_11_we0       | out |    1|  ap_memory | threshs2_m_threshold_11 |     array    |
|threshs2_m_threshold_11_d0        | out |   16|  ap_memory | threshs2_m_threshold_11 |     array    |
|threshs2_m_threshold_10_address0  | out |    3|  ap_memory | threshs2_m_threshold_10 |     array    |
|threshs2_m_threshold_10_ce0       | out |    1|  ap_memory | threshs2_m_threshold_10 |     array    |
|threshs2_m_threshold_10_we0       | out |    1|  ap_memory | threshs2_m_threshold_10 |     array    |
|threshs2_m_threshold_10_d0        | out |   16|  ap_memory | threshs2_m_threshold_10 |     array    |
|threshs2_m_threshold_9_address0   | out |    3|  ap_memory |  threshs2_m_threshold_9 |     array    |
|threshs2_m_threshold_9_ce0        | out |    1|  ap_memory |  threshs2_m_threshold_9 |     array    |
|threshs2_m_threshold_9_we0        | out |    1|  ap_memory |  threshs2_m_threshold_9 |     array    |
|threshs2_m_threshold_9_d0         | out |   16|  ap_memory |  threshs2_m_threshold_9 |     array    |
|threshs2_m_threshold_8_address0   | out |    3|  ap_memory |  threshs2_m_threshold_8 |     array    |
|threshs2_m_threshold_8_ce0        | out |    1|  ap_memory |  threshs2_m_threshold_8 |     array    |
|threshs2_m_threshold_8_we0        | out |    1|  ap_memory |  threshs2_m_threshold_8 |     array    |
|threshs2_m_threshold_8_d0         | out |   16|  ap_memory |  threshs2_m_threshold_8 |     array    |
|threshs3_m_threshold_15_address0  | out |    3|  ap_memory | threshs3_m_threshold_15 |     array    |
|threshs3_m_threshold_15_ce0       | out |    1|  ap_memory | threshs3_m_threshold_15 |     array    |
|threshs3_m_threshold_15_we0       | out |    1|  ap_memory | threshs3_m_threshold_15 |     array    |
|threshs3_m_threshold_15_d0        | out |   16|  ap_memory | threshs3_m_threshold_15 |     array    |
|threshs3_m_threshold_14_address0  | out |    3|  ap_memory | threshs3_m_threshold_14 |     array    |
|threshs3_m_threshold_14_ce0       | out |    1|  ap_memory | threshs3_m_threshold_14 |     array    |
|threshs3_m_threshold_14_we0       | out |    1|  ap_memory | threshs3_m_threshold_14 |     array    |
|threshs3_m_threshold_14_d0        | out |   16|  ap_memory | threshs3_m_threshold_14 |     array    |
|threshs3_m_threshold_7_address0   | out |    3|  ap_memory |  threshs3_m_threshold_7 |     array    |
|threshs3_m_threshold_7_ce0        | out |    1|  ap_memory |  threshs3_m_threshold_7 |     array    |
|threshs3_m_threshold_7_we0        | out |    1|  ap_memory |  threshs3_m_threshold_7 |     array    |
|threshs3_m_threshold_7_d0         | out |   16|  ap_memory |  threshs3_m_threshold_7 |     array    |
|threshs3_m_threshold_6_address0   | out |    3|  ap_memory |  threshs3_m_threshold_6 |     array    |
|threshs3_m_threshold_6_ce0        | out |    1|  ap_memory |  threshs3_m_threshold_6 |     array    |
|threshs3_m_threshold_6_we0        | out |    1|  ap_memory |  threshs3_m_threshold_6 |     array    |
|threshs3_m_threshold_6_d0         | out |   16|  ap_memory |  threshs3_m_threshold_6 |     array    |
|threshs3_m_threshold_5_address0   | out |    3|  ap_memory |  threshs3_m_threshold_5 |     array    |
|threshs3_m_threshold_5_ce0        | out |    1|  ap_memory |  threshs3_m_threshold_5 |     array    |
|threshs3_m_threshold_5_we0        | out |    1|  ap_memory |  threshs3_m_threshold_5 |     array    |
|threshs3_m_threshold_5_d0         | out |   16|  ap_memory |  threshs3_m_threshold_5 |     array    |
|threshs3_m_threshold_4_address0   | out |    3|  ap_memory |  threshs3_m_threshold_4 |     array    |
|threshs3_m_threshold_4_ce0        | out |    1|  ap_memory |  threshs3_m_threshold_4 |     array    |
|threshs3_m_threshold_4_we0        | out |    1|  ap_memory |  threshs3_m_threshold_4 |     array    |
|threshs3_m_threshold_4_d0         | out |   16|  ap_memory |  threshs3_m_threshold_4 |     array    |
|threshs3_m_threshold_3_address0   | out |    3|  ap_memory |  threshs3_m_threshold_3 |     array    |
|threshs3_m_threshold_3_ce0        | out |    1|  ap_memory |  threshs3_m_threshold_3 |     array    |
|threshs3_m_threshold_3_we0        | out |    1|  ap_memory |  threshs3_m_threshold_3 |     array    |
|threshs3_m_threshold_3_d0         | out |   16|  ap_memory |  threshs3_m_threshold_3 |     array    |
|threshs3_m_threshold_2_address0   | out |    3|  ap_memory |  threshs3_m_threshold_2 |     array    |
|threshs3_m_threshold_2_ce0        | out |    1|  ap_memory |  threshs3_m_threshold_2 |     array    |
|threshs3_m_threshold_2_we0        | out |    1|  ap_memory |  threshs3_m_threshold_2 |     array    |
|threshs3_m_threshold_2_d0         | out |   16|  ap_memory |  threshs3_m_threshold_2 |     array    |
|threshs3_m_threshold_1_address0   | out |    3|  ap_memory |  threshs3_m_threshold_1 |     array    |
|threshs3_m_threshold_1_ce0        | out |    1|  ap_memory |  threshs3_m_threshold_1 |     array    |
|threshs3_m_threshold_1_we0        | out |    1|  ap_memory |  threshs3_m_threshold_1 |     array    |
|threshs3_m_threshold_1_d0         | out |   16|  ap_memory |  threshs3_m_threshold_1 |     array    |
|threshs3_m_threshold_address0     | out |    3|  ap_memory |   threshs3_m_threshold  |     array    |
|threshs3_m_threshold_ce0          | out |    1|  ap_memory |   threshs3_m_threshold  |     array    |
|threshs3_m_threshold_we0          | out |    1|  ap_memory |   threshs3_m_threshold  |     array    |
|threshs3_m_threshold_d0           | out |   16|  ap_memory |   threshs3_m_threshold  |     array    |
|threshs3_m_threshold_13_address0  | out |    3|  ap_memory | threshs3_m_threshold_13 |     array    |
|threshs3_m_threshold_13_ce0       | out |    1|  ap_memory | threshs3_m_threshold_13 |     array    |
|threshs3_m_threshold_13_we0       | out |    1|  ap_memory | threshs3_m_threshold_13 |     array    |
|threshs3_m_threshold_13_d0        | out |   16|  ap_memory | threshs3_m_threshold_13 |     array    |
|threshs3_m_threshold_12_address0  | out |    3|  ap_memory | threshs3_m_threshold_12 |     array    |
|threshs3_m_threshold_12_ce0       | out |    1|  ap_memory | threshs3_m_threshold_12 |     array    |
|threshs3_m_threshold_12_we0       | out |    1|  ap_memory | threshs3_m_threshold_12 |     array    |
|threshs3_m_threshold_12_d0        | out |   16|  ap_memory | threshs3_m_threshold_12 |     array    |
|threshs3_m_threshold_11_address0  | out |    3|  ap_memory | threshs3_m_threshold_11 |     array    |
|threshs3_m_threshold_11_ce0       | out |    1|  ap_memory | threshs3_m_threshold_11 |     array    |
|threshs3_m_threshold_11_we0       | out |    1|  ap_memory | threshs3_m_threshold_11 |     array    |
|threshs3_m_threshold_11_d0        | out |   16|  ap_memory | threshs3_m_threshold_11 |     array    |
|threshs3_m_threshold_10_address0  | out |    3|  ap_memory | threshs3_m_threshold_10 |     array    |
|threshs3_m_threshold_10_ce0       | out |    1|  ap_memory | threshs3_m_threshold_10 |     array    |
|threshs3_m_threshold_10_we0       | out |    1|  ap_memory | threshs3_m_threshold_10 |     array    |
|threshs3_m_threshold_10_d0        | out |   16|  ap_memory | threshs3_m_threshold_10 |     array    |
|threshs3_m_threshold_9_address0   | out |    3|  ap_memory |  threshs3_m_threshold_9 |     array    |
|threshs3_m_threshold_9_ce0        | out |    1|  ap_memory |  threshs3_m_threshold_9 |     array    |
|threshs3_m_threshold_9_we0        | out |    1|  ap_memory |  threshs3_m_threshold_9 |     array    |
|threshs3_m_threshold_9_d0         | out |   16|  ap_memory |  threshs3_m_threshold_9 |     array    |
|threshs3_m_threshold_8_address0   | out |    3|  ap_memory |  threshs3_m_threshold_8 |     array    |
|threshs3_m_threshold_8_ce0        | out |    1|  ap_memory |  threshs3_m_threshold_8 |     array    |
|threshs3_m_threshold_8_we0        | out |    1|  ap_memory |  threshs3_m_threshold_8 |     array    |
|threshs3_m_threshold_8_d0         | out |   16|  ap_memory |  threshs3_m_threshold_8 |     array    |
|threshs4_m_threshold_3_address0   | out |    6|  ap_memory |  threshs4_m_threshold_3 |     array    |
|threshs4_m_threshold_3_ce0        | out |    1|  ap_memory |  threshs4_m_threshold_3 |     array    |
|threshs4_m_threshold_3_we0        | out |    1|  ap_memory |  threshs4_m_threshold_3 |     array    |
|threshs4_m_threshold_3_d0         | out |   16|  ap_memory |  threshs4_m_threshold_3 |     array    |
|threshs4_m_threshold_2_address0   | out |    6|  ap_memory |  threshs4_m_threshold_2 |     array    |
|threshs4_m_threshold_2_ce0        | out |    1|  ap_memory |  threshs4_m_threshold_2 |     array    |
|threshs4_m_threshold_2_we0        | out |    1|  ap_memory |  threshs4_m_threshold_2 |     array    |
|threshs4_m_threshold_2_d0         | out |   16|  ap_memory |  threshs4_m_threshold_2 |     array    |
|threshs4_m_threshold_1_address0   | out |    6|  ap_memory |  threshs4_m_threshold_1 |     array    |
|threshs4_m_threshold_1_ce0        | out |    1|  ap_memory |  threshs4_m_threshold_1 |     array    |
|threshs4_m_threshold_1_we0        | out |    1|  ap_memory |  threshs4_m_threshold_1 |     array    |
|threshs4_m_threshold_1_d0         | out |   16|  ap_memory |  threshs4_m_threshold_1 |     array    |
|threshs4_m_threshold_address0     | out |    6|  ap_memory |   threshs4_m_threshold  |     array    |
|threshs4_m_threshold_ce0          | out |    1|  ap_memory |   threshs4_m_threshold  |     array    |
|threshs4_m_threshold_we0          | out |    1|  ap_memory |   threshs4_m_threshold  |     array    |
|threshs4_m_threshold_d0           | out |   16|  ap_memory |   threshs4_m_threshold  |     array    |
+----------------------------------+-----+-----+------------+-------------------------+--------------+

